19:06:56 **** Clean-only build of configuration Debug for project hust_efi_3 ****
make clean 
rm -rf  ./src/main.d  ./src/CKP.o ./src/CLT.o ./src/Communication.o ./src/EFI.o ./src/EGO.o ./src/Engine.o ./src/FuelInjectionControl.o ./src/IgnitionControl.o ./src/MAP.o ./src/MAT.o ./src/main.o  ./lib/Array.o ./lib/File.o ./lib/Math.o ./lib/sdCard.o  ./lib/sdCard.d  ./src/CKP.d ./src/CLT.d ./src/Communication.d ./src/EFI.d ./src/EGO.d ./src/Engine.d ./src/FuelInjectionControl.d ./src/IgnitionControl.d ./src/MAP.d ./src/MAT.d  ./lib/Array.d ./lib/File.d ./lib/Math.d  hust_efi_3.elf.size  hust_efi_3.elf
' '
19:06:56 **** Build of configuration Debug for project hust_efi_3 ****
make pre-build main-build 
a9-linaro-pre-build-step
' '
'Building file: ../src/CKP.cpp'
'Invoking: ARM v7 g++ compiler'
arm-none-eabi-g++ -Wall -O0 -g3 -c -fmessage-length=0 -MT"src/CKP.o" -mcpu=cortex-a9 -mfpu=vfpv3 -mfloat-abi=hard -I../../hust_efi_3_bsp/ps7_cortexa9_0/include -MMD -MP -MF"src/CKP.d" -MT"src/CKP.o" -o "src/CKP.o" "../src/CKP.cpp"
'Finished building: ../src/CKP.cpp'
' '
'Building file: ../src/CLT.cpp'
'Invoking: ARM v7 g++ compiler'
arm-none-eabi-g++ -Wall -O0 -g3 -c -fmessage-length=0 -MT"src/CLT.o" -mcpu=cortex-a9 -mfpu=vfpv3 -mfloat-abi=hard -I../../hust_efi_3_bsp/ps7_cortexa9_0/include -MMD -MP -MF"src/CLT.d" -MT"src/CLT.o" -o "src/CLT.o" "../src/CLT.cpp"
'Finished building: ../src/CLT.cpp'
' '
'Building file: ../src/Communication.cpp'
'Invoking: ARM v7 g++ compiler'
arm-none-eabi-g++ -Wall -O0 -g3 -c -fmessage-length=0 -MT"src/Communication.o" -mcpu=cortex-a9 -mfpu=vfpv3 -mfloat-abi=hard -I../../hust_efi_3_bsp/ps7_cortexa9_0/include -MMD -MP -MF"src/Communication.d" -MT"src/Communication.o" -o "src/Communication.o" "../src/Communication.cpp"
'Finished building: ../src/Communication.cpp'
' '
'Building file: ../src/EFI.cpp'
'Invoking: ARM v7 g++ compiler'
arm-none-eabi-g++ -Wall -O0 -g3 -c -fmessage-length=0 -MT"src/EFI.o" -mcpu=cortex-a9 -mfpu=vfpv3 -mfloat-abi=hard -I../../hust_efi_3_bsp/ps7_cortexa9_0/include -MMD -MP -MF"src/EFI.d" -MT"src/EFI.o" -o "src/EFI.o" "../src/EFI.cpp"
../src/EFI.cpp: In constructor 'EFI::EFI()':
../src/EFI.cpp:10:47: warning: ISO C++ forbids converting a string constant to 'char*' [-Wwrite-strings]
   bool empty = FIC[i].loadTable("data/backup/");
                                               ^
../src/EFI.cpp:13:36: warning: ISO C++ forbids converting a string constant to 'char*' [-Wwrite-strings]
    FIC[i].loadTable("data/initial/");
                                    ^
../src/EFI.cpp: In member function 'bool EFI::setCheckEngineLight(bool)':
../src/EFI.cpp:24:1: warning: no return statement in function returning non-void [-Wreturn-type]
 }
 ^
../src/EFI.cpp: In member function 'void EFI::updateTable(int)':
../src/EFI.cpp:68:83: warning: ISO C++ forbids converting a string constant to 'char*' [-Wwrite-strings]
  FIC[cylinder_order].updateTable("", MAPSensor.getData(), RPM, EGOSensor.getData());
                                                                                   ^
'Finished building: ../src/EFI.cpp'
' '
'Building file: ../src/EGO.cpp'
'Invoking: ARM v7 g++ compiler'
arm-none-eabi-g++ -Wall -O0 -g3 -c -fmessage-length=0 -MT"src/EGO.o" -mcpu=cortex-a9 -mfpu=vfpv3 -mfloat-abi=hard -I../../hust_efi_3_bsp/ps7_cortexa9_0/include -MMD -MP -MF"src/EGO.d" -MT"src/EGO.o" -o "src/EGO.o" "../src/EGO.cpp"
'Finished building: ../src/EGO.cpp'
' '
'Building file: ../src/Engine.cpp'
'Invoking: ARM v7 g++ compiler'
arm-none-eabi-g++ -Wall -O0 -g3 -c -fmessage-length=0 -MT"src/Engine.o" -mcpu=cortex-a9 -mfpu=vfpv3 -mfloat-abi=hard -I../../hust_efi_3_bsp/ps7_cortexa9_0/include -MMD -MP -MF"src/Engine.d" -MT"src/Engine.o" -o "src/Engine.o" "../src/Engine.cpp"
'Finished building: ../src/Engine.cpp'
' '
'Building file: ../src/FuelInjectionControl.cpp'
'Invoking: ARM v7 g++ compiler'
arm-none-eabi-g++ -Wall -O0 -g3 -c -fmessage-length=0 -MT"src/FuelInjectionControl.o" -mcpu=cortex-a9 -mfpu=vfpv3 -mfloat-abi=hard -I../../hust_efi_3_bsp/ps7_cortexa9_0/include -MMD -MP -MF"src/FuelInjectionControl.d" -MT"src/FuelInjectionControl.o" -o "src/FuelInjectionControl.o" "../src/FuelInjectionControl.cpp"
'Finished building: ../src/FuelInjectionControl.cpp'
' '
'Building file: ../src/IgnitionControl.cpp'
'Invoking: ARM v7 g++ compiler'
arm-none-eabi-g++ -Wall -O0 -g3 -c -fmessage-length=0 -MT"src/IgnitionControl.o" -mcpu=cortex-a9 -mfpu=vfpv3 -mfloat-abi=hard -I../../hust_efi_3_bsp/ps7_cortexa9_0/include -MMD -MP -MF"src/IgnitionControl.d" -MT"src/IgnitionControl.o" -o "src/IgnitionControl.o" "../src/IgnitionControl.cpp"
'Finished building: ../src/IgnitionControl.cpp'
' '
'Building file: ../src/MAP.cpp'
'Invoking: ARM v7 g++ compiler'
arm-none-eabi-g++ -Wall -O0 -g3 -c -fmessage-length=0 -MT"src/MAP.o" -mcpu=cortex-a9 -mfpu=vfpv3 -mfloat-abi=hard -I../../hust_efi_3_bsp/ps7_cortexa9_0/include -MMD -MP -MF"src/MAP.d" -MT"src/MAP.o" -o "src/MAP.o" "../src/MAP.cpp"
'Finished building: ../src/MAP.cpp'
' '
'Building file: ../src/MAT.cpp'
'Invoking: ARM v7 g++ compiler'
arm-none-eabi-g++ -Wall -O0 -g3 -c -fmessage-length=0 -MT"src/MAT.o" -mcpu=cortex-a9 -mfpu=vfpv3 -mfloat-abi=hard -I../../hust_efi_3_bsp/ps7_cortexa9_0/include -MMD -MP -MF"src/MAT.d" -MT"src/MAT.o" -o "src/MAT.o" "../src/MAT.cpp"
'Finished building: ../src/MAT.cpp'
' '
'Building file: ../src/main.cc'
'Invoking: ARM v7 g++ compiler'
arm-none-eabi-g++ -Wall -O0 -g3 -c -fmessage-length=0 -MT"src/main.o" -mcpu=cortex-a9 -mfpu=vfpv3 -mfloat-abi=hard -I../../hust_efi_3_bsp/ps7_cortexa9_0/include -MMD -MP -MF"src/main.d" -MT"src/main.o" -o "src/main.o" "../src/main.cc"
../src/main.cc: In function 'void vTaskProcess(void*)':
../src/main.cc:204:47: warning: format '%u' expects argument of type 'unsigned int', but argument 2 has type 'u32 {aka long unsigned int}' [-Wformat=]
   printf("\ncrank_counter = %u", crank_counter);
                                               ^
../src/main.cc:205:59: warning: format '%u' expects argument of type 'unsigned int', but argument 2 has type 'u32 {aka long unsigned int}' [-Wformat=]
   printf("\ncrank_cycle_counter = %u", crank_cycle_counter);
                                                           ^
../src/main.cc:208:47: warning: format '%x' expects argument of type 'unsigned int', but argument 2 has type 'u32 {aka long unsigned int}' [-Wformat=]
   printf("\ncal_injection = %x", cal_injection);
                                               ^
../src/main.cc:209:45: warning: format '%x' expects argument of type 'unsigned int', but argument 2 has type 'u32 {aka long unsigned int}' [-Wformat=]
   printf("\ncal_ignition = %x", cal_ignition);
                                             ^
../src/main.cc:210:45: warning: format '%x' expects argument of type 'unsigned int', but argument 2 has type 'u32 {aka long unsigned int}' [-Wformat=]
   printf("\nupdate_table = %x", update_table);
                                             ^
'Finished building: ../src/main.cc'
' '
'Building file: ../lib/Array.cpp'
'Invoking: ARM v7 g++ compiler'
arm-none-eabi-g++ -Wall -O0 -g3 -c -fmessage-length=0 -MT"lib/Array.o" -mcpu=cortex-a9 -mfpu=vfpv3 -mfloat-abi=hard -I../../hust_efi_3_bsp/ps7_cortexa9_0/include -MMD -MP -MF"lib/Array.d" -MT"lib/Array.o" -o "lib/Array.o" "../lib/Array.cpp"
'Finished building: ../lib/Array.cpp'
' '
'Building file: ../lib/File.cpp'
'Invoking: ARM v7 g++ compiler'
arm-none-eabi-g++ -Wall -O0 -g3 -c -fmessage-length=0 -MT"lib/File.o" -mcpu=cortex-a9 -mfpu=vfpv3 -mfloat-abi=hard -I../../hust_efi_3_bsp/ps7_cortexa9_0/include -MMD -MP -MF"lib/File.d" -MT"lib/File.o" -o "lib/File.o" "../lib/File.cpp"
../lib/File.cpp: In static member function 'static bool File::read(const char*, float**, int, int)':
../lib/File.cpp:27:20: warning: comparison between signed and unsigned integer expressions [-Wsign-compare]
  for (int i = 0; i < fptr->obj.objsize; i ++) {
                  ~~^~~~~~~~~~~~~~~~~~~
../lib/File.cpp: In static member function 'static bool File::write(const char*, float**, int, int)':
../lib/File.cpp:64:22: warning: comparison between signed and unsigned integer expressions [-Wsign-compare]
    for (int i = 0; i < str.length(); i++) {
                    ~~^~~~~~~~~~~~~~
../lib/File.cpp:77:20: warning: comparison between signed and unsigned integer expressions [-Wsign-compare]
  for (int i = 0; i < v.size(); i++) {
                  ~~^~~~~~~~~~
../lib/File.cpp:54:10: warning: unused variable 'op' [-Wunused-variable]
  FRESULT op = f_open(fptr, path, FA_CREATE_ALWAYS | FA_WRITE);
          ^~
../lib/File.cpp: In static member function 'static bool File::read(const char*, float**, int, int)':
../lib/File.cpp:9:41: warning: 'fptr' is used uninitialized in this function [-Wuninitialized]
  FRESULT op = f_open(fptr, path, FA_READ);
                                         ^
../lib/File.cpp:22:8: warning: 'br' may be used uninitialized in this function [-Wmaybe-uninitialized]
  f_read(fptr, (void*) buff, fptr->obj.objsize, br);
  ~~~~~~^~~~~~~~~~~~~~~~~~~~~~~~~~~~~~~~~~~~~~~~~~~
../lib/File.cpp: In static member function 'static bool File::write(const char*, float**, int, int)':
../lib/File.cpp:54:61: warning: 'fptr' is used uninitialized in this function [-Wuninitialized]
  FRESULT op = f_open(fptr, path, FA_CREATE_ALWAYS | FA_WRITE);
                                                             ^
'Finished building: ../lib/File.cpp'
' '
'Building file: ../lib/Math.cpp'
'Invoking: ARM v7 g++ compiler'
arm-none-eabi-g++ -Wall -O0 -g3 -c -fmessage-length=0 -MT"lib/Math.o" -mcpu=cortex-a9 -mfpu=vfpv3 -mfloat-abi=hard -I../../hust_efi_3_bsp/ps7_cortexa9_0/include -MMD -MP -MF"lib/Math.d" -MT"lib/Math.o" -o "lib/Math.o" "../lib/Math.cpp"
'Finished building: ../lib/Math.cpp'
' '
'Building file: ../lib/sdCard.c'
'Invoking: ARM v7 g++ compiler'
arm-none-eabi-g++ -Wall -O0 -g3 -c -fmessage-length=0 -MT"lib/sdCard.o" -mcpu=cortex-a9 -mfpu=vfpv3 -mfloat-abi=hard -I../../hust_efi_3_bsp/ps7_cortexa9_0/include -MMD -MP -MF"lib/sdCard.d" -MT"lib/sdCard.o" -o "lib/sdCard.o" "../lib/sdCard.c"
../lib/sdCard.c: In function 'int SD_Init()':
../lib/sdCard.c:8:16: warning: ISO C++ forbids converting a string constant to 'TCHAR* {aka char*}' [-Wwrite-strings]
  TCHAR *Path = "0:/";
                ^~~~~
../lib/sdCard.c: In function 'int SD_Eject()':
../lib/sdCard.c:20:16: warning: ISO C++ forbids converting a string constant to 'TCHAR* {aka char*}' [-Wwrite-strings]
  TCHAR *Path = "0:/";
                ^~~~~
'Finished building: ../lib/sdCard.c'
' '
'Building target: hust_efi_3.elf'
'Invoking: ARM v7 g++ linker'
arm-none-eabi-g++ -mcpu=cortex-a9 -mfpu=vfpv3 -mfloat-abi=hard -Wl,-build-id=none -specs=Xilinx.spec -Wl,-T -Wl,../src/lscript.ld -L../../hust_efi_3_bsp/ps7_cortexa9_0/lib -o "hust_efi_3.elf"  ./src/CKP.o ./src/CLT.o ./src/Communication.o ./src/EFI.o ./src/EGO.o ./src/Engine.o ./src/FuelInjectionControl.o ./src/IgnitionControl.o ./src/MAP.o ./src/MAT.o ./src/main.o  ./lib/Array.o ./lib/File.o ./lib/Math.o ./lib/sdCard.o   -Wl,--start-group,-lxil,-lfreertos,-lgcc,-lc,-lstdc++,--end-group -Wl,--start-group,-lxilffs,-lxil,-lgcc,-lc,--end-group
'Finished building target: hust_efi_3.elf'
' '
'Invoking: ARM v7 Print Size'
arm-none-eabi-size hust_efi_3.elf  |tee "hust_efi_3.elf.size"
   text	   data	    bss	    dec	    hex	filename
 916816	   3864	6082240	7002920	 6adb28	hust_efi_3.elf
'Finished building: hust_efi_3.elf.size'
' '
19:08:15 **** Incremental Build of configuration Debug for project hust_efi_3 ****
make pre-build main-build 
a9-linaro-pre-build-step
' '
make: Nothing to be done for 'main-build'.
19:09:03 **** Incremental Build of configuration Debug for project hust_efi_3 ****
make pre-build main-build 
a9-linaro-pre-build-step
' '
make: Nothing to be done for 'main-build'.
19:09:59 **** Incremental Build of configuration Debug for project hust_efi_3 ****
make pre-build main-build 
a9-linaro-pre-build-step
' '
make: Nothing to be done for 'main-build'.
19:10:52 **** Incremental Build of configuration Debug for project hust_efi_3 ****
make pre-build main-build 
a9-linaro-pre-build-step
' '
make: Nothing to be done for 'main-build'.
19:13:35 **** Incremental Build of configuration Debug for project hust_efi_3 ****
make pre-build main-build 
a9-linaro-pre-build-step
' '
make: Nothing to be done for 'main-build'.
19:14:54 **** Incremental Build of configuration Debug for project hust_efi_3 ****
make pre-build main-build 
a9-linaro-pre-build-step
' '
make: Nothing to be done for 'main-build'.
19:20:01 **** Auto Build of configuration Debug for project hust_efi_3 ****
make pre-build main-build 
a9-linaro-pre-build-step
' '
'Building file: ../src/main.cc'
'Invoking: ARM v7 g++ compiler'
arm-none-eabi-g++ -Wall -O0 -g3 -c -fmessage-length=0 -MT"src/main.o" -mcpu=cortex-a9 -mfpu=vfpv3 -mfloat-abi=hard -I../../hust_efi_3_bsp/ps7_cortexa9_0/include -MMD -MP -MF"src/main.d" -MT"src/main.o" -o "src/main.o" "../src/main.cc"
../src/main.cc: In function 'void vTaskProcess(void*)':
../src/main.cc:204:47: warning: format '%u' expects argument of type 'unsigned int', but argument 2 has type 'u32 {aka long unsigned int}' [-Wformat=]
   printf("\ncrank_counter = %u", crank_counter);
                                               ^
../src/main.cc:205:59: warning: format '%u' expects argument of type 'unsigned int', but argument 2 has type 'u32 {aka long unsigned int}' [-Wformat=]
   printf("\ncrank_cycle_counter = %u", crank_cycle_counter);
                                                           ^
../src/main.cc:208:47: warning: format '%x' expects argument of type 'unsigned int', but argument 2 has type 'u32 {aka long unsigned int}' [-Wformat=]
   printf("\ncal_injection = %x", cal_injection);
                                               ^
../src/main.cc:209:45: warning: format '%x' expects argument of type 'unsigned int', but argument 2 has type 'u32 {aka long unsigned int}' [-Wformat=]
   printf("\ncal_ignition = %x", cal_ignition);
                                             ^
../src/main.cc:210:45: warning: format '%x' expects argument of type 'unsigned int', but argument 2 has type 'u32 {aka long unsigned int}' [-Wformat=]
   printf("\nupdate_table = %x", update_table);
                                             ^
'Finished building: ../src/main.cc'
' '
'Building target: hust_efi_3.elf'
'Invoking: ARM v7 g++ linker'
arm-none-eabi-g++ -mcpu=cortex-a9 -mfpu=vfpv3 -mfloat-abi=hard -Wl,-build-id=none -specs=Xilinx.spec -Wl,-T -Wl,../src/lscript.ld -L../../hust_efi_3_bsp/ps7_cortexa9_0/lib -o "hust_efi_3.elf"  ./src/CKP.o ./src/CLT.o ./src/Communication.o ./src/EFI.o ./src/EGO.o ./src/Engine.o ./src/FuelInjectionControl.o ./src/IgnitionControl.o ./src/MAP.o ./src/MAT.o ./src/main.o  ./lib/Array.o ./lib/File.o ./lib/Math.o ./lib/sdCard.o   -Wl,--start-group,-lxil,-lfreertos,-lgcc,-lc,-lstdc++,--end-group -Wl,--start-group,-lxilffs,-lxil,-lgcc,-lc,--end-group
'Finished building target: hust_efi_3.elf'
' '
'Invoking: ARM v7 Print Size'
arm-none-eabi-size hust_efi_3.elf  |tee "hust_efi_3.elf.size"
   text	   data	    bss	    dec	    hex	filename
 916816	   3864	6082240	7002920	 6adb28	hust_efi_3.elf
'Finished building: hust_efi_3.elf.size'
' '
19:20:14 **** Incremental Build of configuration Debug for project hust_efi_3 ****
make pre-build main-build 
a9-linaro-pre-build-step
' '
make: Nothing to be done for 'main-build'.
19:21:30 **** Clean-only build of configuration Debug for project hust_efi_3 ****
make clean 
rm -rf  ./src/main.d  ./src/CKP.o ./src/CLT.o ./src/Communication.o ./src/EFI.o ./src/EGO.o ./src/Engine.o ./src/FuelInjectionControl.o ./src/IgnitionControl.o ./src/MAP.o ./src/MAT.o ./src/main.o  ./lib/Array.o ./lib/File.o ./lib/Math.o ./lib/sdCard.o  ./lib/sdCard.d  ./src/CKP.d ./src/CLT.d ./src/Communication.d ./src/EFI.d ./src/EGO.d ./src/Engine.d ./src/FuelInjectionControl.d ./src/IgnitionControl.d ./src/MAP.d ./src/MAT.d  ./lib/Array.d ./lib/File.d ./lib/Math.d  hust_efi_3.elf.size  hust_efi_3.elf
' '
19:21:32 **** Auto Build of configuration Debug for project hust_efi_3 ****
make pre-build main-build 
a9-linaro-pre-build-step
' '
'Building file: ../src/CKP.cpp'
'Invoking: ARM v7 g++ compiler'
arm-none-eabi-g++ -Wall -O0 -g3 -c -fmessage-length=0 -MT"src/CKP.o" -mcpu=cortex-a9 -mfpu=vfpv3 -mfloat-abi=hard -I../../hust_efi_3_bsp/ps7_cortexa9_0/include -MMD -MP -MF"src/CKP.d" -MT"src/CKP.o" -o "src/CKP.o" "../src/CKP.cpp"
'Finished building: ../src/CKP.cpp'
' '
'Building file: ../src/CLT.cpp'
'Invoking: ARM v7 g++ compiler'
arm-none-eabi-g++ -Wall -O0 -g3 -c -fmessage-length=0 -MT"src/CLT.o" -mcpu=cortex-a9 -mfpu=vfpv3 -mfloat-abi=hard -I../../hust_efi_3_bsp/ps7_cortexa9_0/include -MMD -MP -MF"src/CLT.d" -MT"src/CLT.o" -o "src/CLT.o" "../src/CLT.cpp"
'Finished building: ../src/CLT.cpp'
' '
'Building file: ../src/Communication.cpp'
'Invoking: ARM v7 g++ compiler'
arm-none-eabi-g++ -Wall -O0 -g3 -c -fmessage-length=0 -MT"src/Communication.o" -mcpu=cortex-a9 -mfpu=vfpv3 -mfloat-abi=hard -I../../hust_efi_3_bsp/ps7_cortexa9_0/include -MMD -MP -MF"src/Communication.d" -MT"src/Communication.o" -o "src/Communication.o" "../src/Communication.cpp"
'Finished building: ../src/Communication.cpp'
' '
'Building file: ../src/EFI.cpp'
'Invoking: ARM v7 g++ compiler'
arm-none-eabi-g++ -Wall -O0 -g3 -c -fmessage-length=0 -MT"src/EFI.o" -mcpu=cortex-a9 -mfpu=vfpv3 -mfloat-abi=hard -I../../hust_efi_3_bsp/ps7_cortexa9_0/include -MMD -MP -MF"src/EFI.d" -MT"src/EFI.o" -o "src/EFI.o" "../src/EFI.cpp"
../src/EFI.cpp: In constructor 'EFI::EFI()':
../src/EFI.cpp:10:47: warning: ISO C++ forbids converting a string constant to 'char*' [-Wwrite-strings]
   bool empty = FIC[i].loadTable("data/backup/");
                                               ^
../src/EFI.cpp:13:36: warning: ISO C++ forbids converting a string constant to 'char*' [-Wwrite-strings]
    FIC[i].loadTable("data/initial/");
                                    ^
../src/EFI.cpp: In member function 'bool EFI::setCheckEngineLight(bool)':
../src/EFI.cpp:24:1: warning: no return statement in function returning non-void [-Wreturn-type]
 }
 ^
../src/EFI.cpp: In member function 'void EFI::updateTable(int)':
../src/EFI.cpp:68:83: warning: ISO C++ forbids converting a string constant to 'char*' [-Wwrite-strings]
  FIC[cylinder_order].updateTable("", MAPSensor.getData(), RPM, EGOSensor.getData());
                                                                                   ^
'Finished building: ../src/EFI.cpp'
' '
'Building file: ../src/EGO.cpp'
'Invoking: ARM v7 g++ compiler'
arm-none-eabi-g++ -Wall -O0 -g3 -c -fmessage-length=0 -MT"src/EGO.o" -mcpu=cortex-a9 -mfpu=vfpv3 -mfloat-abi=hard -I../../hust_efi_3_bsp/ps7_cortexa9_0/include -MMD -MP -MF"src/EGO.d" -MT"src/EGO.o" -o "src/EGO.o" "../src/EGO.cpp"
'Finished building: ../src/EGO.cpp'
' '
'Building file: ../src/Engine.cpp'
'Invoking: ARM v7 g++ compiler'
arm-none-eabi-g++ -Wall -O0 -g3 -c -fmessage-length=0 -MT"src/Engine.o" -mcpu=cortex-a9 -mfpu=vfpv3 -mfloat-abi=hard -I../../hust_efi_3_bsp/ps7_cortexa9_0/include -MMD -MP -MF"src/Engine.d" -MT"src/Engine.o" -o "src/Engine.o" "../src/Engine.cpp"
'Finished building: ../src/Engine.cpp'
' '
'Building file: ../src/FuelInjectionControl.cpp'
'Invoking: ARM v7 g++ compiler'
arm-none-eabi-g++ -Wall -O0 -g3 -c -fmessage-length=0 -MT"src/FuelInjectionControl.o" -mcpu=cortex-a9 -mfpu=vfpv3 -mfloat-abi=hard -I../../hust_efi_3_bsp/ps7_cortexa9_0/include -MMD -MP -MF"src/FuelInjectionControl.d" -MT"src/FuelInjectionControl.o" -o "src/FuelInjectionControl.o" "../src/FuelInjectionControl.cpp"
'Finished building: ../src/FuelInjectionControl.cpp'
' '
'Building file: ../src/IgnitionControl.cpp'
'Invoking: ARM v7 g++ compiler'
arm-none-eabi-g++ -Wall -O0 -g3 -c -fmessage-length=0 -MT"src/IgnitionControl.o" -mcpu=cortex-a9 -mfpu=vfpv3 -mfloat-abi=hard -I../../hust_efi_3_bsp/ps7_cortexa9_0/include -MMD -MP -MF"src/IgnitionControl.d" -MT"src/IgnitionControl.o" -o "src/IgnitionControl.o" "../src/IgnitionControl.cpp"
'Finished building: ../src/IgnitionControl.cpp'
' '
'Building file: ../src/MAP.cpp'
'Invoking: ARM v7 g++ compiler'
arm-none-eabi-g++ -Wall -O0 -g3 -c -fmessage-length=0 -MT"src/MAP.o" -mcpu=cortex-a9 -mfpu=vfpv3 -mfloat-abi=hard -I../../hust_efi_3_bsp/ps7_cortexa9_0/include -MMD -MP -MF"src/MAP.d" -MT"src/MAP.o" -o "src/MAP.o" "../src/MAP.cpp"
'Finished building: ../src/MAP.cpp'
' '
'Building file: ../src/MAT.cpp'
'Invoking: ARM v7 g++ compiler'
arm-none-eabi-g++ -Wall -O0 -g3 -c -fmessage-length=0 -MT"src/MAT.o" -mcpu=cortex-a9 -mfpu=vfpv3 -mfloat-abi=hard -I../../hust_efi_3_bsp/ps7_cortexa9_0/include -MMD -MP -MF"src/MAT.d" -MT"src/MAT.o" -o "src/MAT.o" "../src/MAT.cpp"
'Finished building: ../src/MAT.cpp'
' '
'Building file: ../src/main.cc'
'Invoking: ARM v7 g++ compiler'
arm-none-eabi-g++ -Wall -O0 -g3 -c -fmessage-length=0 -MT"src/main.o" -mcpu=cortex-a9 -mfpu=vfpv3 -mfloat-abi=hard -I../../hust_efi_3_bsp/ps7_cortexa9_0/include -MMD -MP -MF"src/main.d" -MT"src/main.o" -o "src/main.o" "../src/main.cc"
../src/main.cc: In function 'void vTaskProcess(void*)':
../src/main.cc:204:47: warning: format '%u' expects argument of type 'unsigned int', but argument 2 has type 'u32 {aka long unsigned int}' [-Wformat=]
   printf("\ncrank_counter = %u", crank_counter);
                                               ^
../src/main.cc:205:59: warning: format '%u' expects argument of type 'unsigned int', but argument 2 has type 'u32 {aka long unsigned int}' [-Wformat=]
   printf("\ncrank_cycle_counter = %u", crank_cycle_counter);
                                                           ^
../src/main.cc:208:47: warning: format '%x' expects argument of type 'unsigned int', but argument 2 has type 'u32 {aka long unsigned int}' [-Wformat=]
   printf("\ncal_injection = %x", cal_injection);
                                               ^
../src/main.cc:209:45: warning: format '%x' expects argument of type 'unsigned int', but argument 2 has type 'u32 {aka long unsigned int}' [-Wformat=]
   printf("\ncal_ignition = %x", cal_ignition);
                                             ^
../src/main.cc:210:45: warning: format '%x' expects argument of type 'unsigned int', but argument 2 has type 'u32 {aka long unsigned int}' [-Wformat=]
   printf("\nupdate_table = %x", update_table);
                                             ^
'Finished building: ../src/main.cc'
' '
'Building file: ../lib/Array.cpp'
'Invoking: ARM v7 g++ compiler'
arm-none-eabi-g++ -Wall -O0 -g3 -c -fmessage-length=0 -MT"lib/Array.o" -mcpu=cortex-a9 -mfpu=vfpv3 -mfloat-abi=hard -I../../hust_efi_3_bsp/ps7_cortexa9_0/include -MMD -MP -MF"lib/Array.d" -MT"lib/Array.o" -o "lib/Array.o" "../lib/Array.cpp"
'Finished building: ../lib/Array.cpp'
' '
'Building file: ../lib/File.cpp'
'Invoking: ARM v7 g++ compiler'
arm-none-eabi-g++ -Wall -O0 -g3 -c -fmessage-length=0 -MT"lib/File.o" -mcpu=cortex-a9 -mfpu=vfpv3 -mfloat-abi=hard -I../../hust_efi_3_bsp/ps7_cortexa9_0/include -MMD -MP -MF"lib/File.d" -MT"lib/File.o" -o "lib/File.o" "../lib/File.cpp"
../lib/File.cpp: In static member function 'static bool File::read(const char*, float**, int, int)':
../lib/File.cpp:27:20: warning: comparison between signed and unsigned integer expressions [-Wsign-compare]
  for (int i = 0; i < fptr->obj.objsize; i ++) {
                  ~~^~~~~~~~~~~~~~~~~~~
../lib/File.cpp: In static member function 'static bool File::write(const char*, float**, int, int)':
../lib/File.cpp:64:22: warning: comparison between signed and unsigned integer expressions [-Wsign-compare]
    for (int i = 0; i < str.length(); i++) {
                    ~~^~~~~~~~~~~~~~
../lib/File.cpp:77:20: warning: comparison between signed and unsigned integer expressions [-Wsign-compare]
  for (int i = 0; i < v.size(); i++) {
                  ~~^~~~~~~~~~
../lib/File.cpp:54:10: warning: unused variable 'op' [-Wunused-variable]
  FRESULT op = f_open(fptr, path, FA_CREATE_ALWAYS | FA_WRITE);
          ^~
../lib/File.cpp: In static member function 'static bool File::read(const char*, float**, int, int)':
../lib/File.cpp:9:41: warning: 'fptr' is used uninitialized in this function [-Wuninitialized]
  FRESULT op = f_open(fptr, path, FA_READ);
                                         ^
../lib/File.cpp:22:8: warning: 'br' may be used uninitialized in this function [-Wmaybe-uninitialized]
  f_read(fptr, (void*) buff, fptr->obj.objsize, br);
  ~~~~~~^~~~~~~~~~~~~~~~~~~~~~~~~~~~~~~~~~~~~~~~~~~
../lib/File.cpp: In static member function 'static bool File::write(const char*, float**, int, int)':
../lib/File.cpp:54:61: warning: 'fptr' is used uninitialized in this function [-Wuninitialized]
  FRESULT op = f_open(fptr, path, FA_CREATE_ALWAYS | FA_WRITE);
                                                             ^
'Finished building: ../lib/File.cpp'
' '
'Building file: ../lib/Math.cpp'
'Invoking: ARM v7 g++ compiler'
arm-none-eabi-g++ -Wall -O0 -g3 -c -fmessage-length=0 -MT"lib/Math.o" -mcpu=cortex-a9 -mfpu=vfpv3 -mfloat-abi=hard -I../../hust_efi_3_bsp/ps7_cortexa9_0/include -MMD -MP -MF"lib/Math.d" -MT"lib/Math.o" -o "lib/Math.o" "../lib/Math.cpp"
'Finished building: ../lib/Math.cpp'
' '
'Building file: ../lib/sdCard.c'
'Invoking: ARM v7 g++ compiler'
arm-none-eabi-g++ -Wall -O0 -g3 -c -fmessage-length=0 -MT"lib/sdCard.o" -mcpu=cortex-a9 -mfpu=vfpv3 -mfloat-abi=hard -I../../hust_efi_3_bsp/ps7_cortexa9_0/include -MMD -MP -MF"lib/sdCard.d" -MT"lib/sdCard.o" -o "lib/sdCard.o" "../lib/sdCard.c"
../lib/sdCard.c: In function 'int SD_Init()':
../lib/sdCard.c:8:16: warning: ISO C++ forbids converting a string constant to 'TCHAR* {aka char*}' [-Wwrite-strings]
  TCHAR *Path = "0:/";
                ^~~~~
../lib/sdCard.c: In function 'int SD_Eject()':
../lib/sdCard.c:20:16: warning: ISO C++ forbids converting a string constant to 'TCHAR* {aka char*}' [-Wwrite-strings]
  TCHAR *Path = "0:/";
                ^~~~~
'Finished building: ../lib/sdCard.c'
' '
'Building target: hust_efi_3.elf'
'Invoking: ARM v7 g++ linker'
arm-none-eabi-g++ -mcpu=cortex-a9 -mfpu=vfpv3 -mfloat-abi=hard -Wl,-build-id=none -specs=Xilinx.spec -Wl,-T -Wl,../src/lscript.ld -L../../hust_efi_3_bsp/ps7_cortexa9_0/lib -o "hust_efi_3.elf"  ./src/CKP.o ./src/CLT.o ./src/Communication.o ./src/EFI.o ./src/EGO.o ./src/Engine.o ./src/FuelInjectionControl.o ./src/IgnitionControl.o ./src/MAP.o ./src/MAT.o ./src/main.o  ./lib/Array.o ./lib/File.o ./lib/Math.o ./lib/sdCard.o   -Wl,--start-group,-lxil,-lfreertos,-lgcc,-lc,-lstdc++,--end-group -Wl,--start-group,-lxilffs,-lxil,-lgcc,-lc,--end-group
'Finished building target: hust_efi_3.elf'
' '
'Invoking: ARM v7 Print Size'
arm-none-eabi-size hust_efi_3.elf  |tee "hust_efi_3.elf.size"
   text	   data	    bss	    dec	    hex	filename
 916816	   3864	6082240	7002920	 6adb28	hust_efi_3.elf
'Finished building: hust_efi_3.elf.size'
' '
19:22:29 **** Auto Build of project hust_efi_3_bsp ****
make -k all 
"Running Make include in ps7_cortexa9_0/libsrc/coresightps_dcc_v1_4/src"
make -C ps7_cortexa9_0/libsrc/coresightps_dcc_v1_4/src -s include  "SHELL=CMD" "COMPILER=arm-none-eabi-gcc" "ARCHIVER=arm-none-eabi-ar" "COMPILER_FLAGS=  -O2 -c" "EXTRA_COMPILER_FLAGS=-mcpu=cortex-a9 -mfpu=vfpv3 -mfloat-abi=hard -nostartfiles -g -Wall -Wextra"
"Running Make include in ps7_cortexa9_0/libsrc/cpu_cortexa9_v2_7/src"
make -C ps7_cortexa9_0/libsrc/cpu_cortexa9_v2_7/src -s include  "SHELL=CMD" "COMPILER=arm-none-eabi-gcc" "ARCHIVER=arm-none-eabi-ar" "COMPILER_FLAGS=  -O2 -c" "EXTRA_COMPILER_FLAGS=-mcpu=cortex-a9 -mfpu=vfpv3 -mfloat-abi=hard -nostartfiles -g -Wall -Wextra"
"Running Make include in ps7_cortexa9_0/libsrc/ddrps_v1_0/src"
make -C ps7_cortexa9_0/libsrc/ddrps_v1_0/src -s include  "SHELL=CMD" "COMPILER=arm-none-eabi-gcc" "ARCHIVER=arm-none-eabi-ar" "COMPILER_FLAGS=  -O2 -c" "EXTRA_COMPILER_FLAGS=-mcpu=cortex-a9 -mfpu=vfpv3 -mfloat-abi=hard -nostartfiles -g -Wall -Wextra"
"Running Make include in ps7_cortexa9_0/libsrc/devcfg_v3_5/src"
make -C ps7_cortexa9_0/libsrc/devcfg_v3_5/src -s include  "SHELL=CMD" "COMPILER=arm-none-eabi-gcc" "ARCHIVER=arm-none-eabi-ar" "COMPILER_FLAGS=  -O2 -c" "EXTRA_COMPILER_FLAGS=-mcpu=cortex-a9 -mfpu=vfpv3 -mfloat-abi=hard -nostartfiles -g -Wall -Wextra"
"Running Make include in ps7_cortexa9_0/libsrc/dmaps_v2_4/src"
make -C ps7_cortexa9_0/libsrc/dmaps_v2_4/src -s include  "SHELL=CMD" "COMPILER=arm-none-eabi-gcc" "ARCHIVER=arm-none-eabi-ar" "COMPILER_FLAGS=  -O2 -c" "EXTRA_COMPILER_FLAGS=-mcpu=cortex-a9 -mfpu=vfpv3 -mfloat-abi=hard -nostartfiles -g -Wall -Wextra"
"Running Make include in ps7_cortexa9_0/libsrc/efi_virtual_input_v1_0/src"
make -C ps7_cortexa9_0/libsrc/efi_virtual_input_v1_0/src -s include  "SHELL=CMD" "COMPILER=arm-none-eabi-gcc" "ARCHIVER=arm-none-eabi-ar" "COMPILER_FLAGS=  -O2 -c" "EXTRA_COMPILER_FLAGS=-mcpu=cortex-a9 -mfpu=vfpv3 -mfloat-abi=hard -nostartfiles -g -Wall -Wextra"
"Running Make include in ps7_cortexa9_0/libsrc/emacps_v3_8/src"
make -C ps7_cortexa9_0/libsrc/emacps_v3_8/src -s include  "SHELL=CMD" "COMPILER=arm-none-eabi-gcc" "ARCHIVER=arm-none-eabi-ar" "COMPILER_FLAGS=  -O2 -c" "EXTRA_COMPILER_FLAGS=-mcpu=cortex-a9 -mfpu=vfpv3 -mfloat-abi=hard -nostartfiles -g -Wall -Wextra"
"Running Make include in ps7_cortexa9_0/libsrc/freertos10_xilinx_v1_2/src"
make -C ps7_cortexa9_0/libsrc/freertos10_xilinx_v1_2/src -s include  "SHELL=CMD" "COMPILER=arm-none-eabi-gcc" "ARCHIVER=arm-none-eabi-ar" "COMPILER_FLAGS=  -O2 -c" "EXTRA_COMPILER_FLAGS=-mcpu=cortex-a9 -mfpu=vfpv3 -mfloat-abi=hard -nostartfiles -g -Wall -Wextra"
"include"
"Running Make include in ps7_cortexa9_0/libsrc/gpiops_v3_4/src"
make -C ps7_cortexa9_0/libsrc/gpiops_v3_4/src -s include  "SHELL=CMD" "COMPILER=arm-none-eabi-gcc" "ARCHIVER=arm-none-eabi-ar" "COMPILER_FLAGS=  -O2 -c" "EXTRA_COMPILER_FLAGS=-mcpu=cortex-a9 -mfpu=vfpv3 -mfloat-abi=hard -nostartfiles -g -Wall -Wextra"
"Running Make include in ps7_cortexa9_0/libsrc/gpio_v4_3/src"
make -C ps7_cortexa9_0/libsrc/gpio_v4_3/src -s include  "SHELL=CMD" "COMPILER=arm-none-eabi-gcc" "ARCHIVER=arm-none-eabi-ar" "COMPILER_FLAGS=  -O2 -c" "EXTRA_COMPILER_FLAGS=-mcpu=cortex-a9 -mfpu=vfpv3 -mfloat-abi=hard -nostartfiles -g -Wall -Wextra"
"Running Make include in ps7_cortexa9_0/libsrc/iicps_v3_8/src"
make -C ps7_cortexa9_0/libsrc/iicps_v3_8/src -s include  "SHELL=CMD" "COMPILER=arm-none-eabi-gcc" "ARCHIVER=arm-none-eabi-ar" "COMPILER_FLAGS=  -O2 -c" "EXTRA_COMPILER_FLAGS=-mcpu=cortex-a9 -mfpu=vfpv3 -mfloat-abi=hard -nostartfiles -g -Wall -Wextra"
"Running Make include in ps7_cortexa9_0/libsrc/qspips_v3_5/src"
make -C ps7_cortexa9_0/libsrc/qspips_v3_5/src -s include  "SHELL=CMD" "COMPILER=arm-none-eabi-gcc" "ARCHIVER=arm-none-eabi-ar" "COMPILER_FLAGS=  -O2 -c" "EXTRA_COMPILER_FLAGS=-mcpu=cortex-a9 -mfpu=vfpv3 -mfloat-abi=hard -nostartfiles -g -Wall -Wextra"
"Running Make include in ps7_cortexa9_0/libsrc/scugic_v3_10/src"
make -C ps7_cortexa9_0/libsrc/scugic_v3_10/src -s include  "SHELL=CMD" "COMPILER=arm-none-eabi-gcc" "ARCHIVER=arm-none-eabi-ar" "COMPILER_FLAGS=  -O2 -c" "EXTRA_COMPILER_FLAGS=-mcpu=cortex-a9 -mfpu=vfpv3 -mfloat-abi=hard -nostartfiles -g -Wall -Wextra"
"Running Make include in ps7_cortexa9_0/libsrc/scutimer_v2_1/src"
make -C ps7_cortexa9_0/libsrc/scutimer_v2_1/src -s include  "SHELL=CMD" "COMPILER=arm-none-eabi-gcc" "ARCHIVER=arm-none-eabi-ar" "COMPILER_FLAGS=  -O2 -c" "EXTRA_COMPILER_FLAGS=-mcpu=cortex-a9 -mfpu=vfpv3 -mfloat-abi=hard -nostartfiles -g -Wall -Wextra"
"Running Make include in ps7_cortexa9_0/libsrc/scuwdt_v2_1/src"
make -C ps7_cortexa9_0/libsrc/scuwdt_v2_1/src -s include  "SHELL=CMD" "COMPILER=arm-none-eabi-gcc" "ARCHIVER=arm-none-eabi-ar" "COMPILER_FLAGS=  -O2 -c" "EXTRA_COMPILER_FLAGS=-mcpu=cortex-a9 -mfpu=vfpv3 -mfloat-abi=hard -nostartfiles -g -Wall -Wextra"
"Running Make include in ps7_cortexa9_0/libsrc/sdps_v3_6/src"
make -C ps7_cortexa9_0/libsrc/sdps_v3_6/src -s include  "SHELL=CMD" "COMPILER=arm-none-eabi-gcc" "ARCHIVER=arm-none-eabi-ar" "COMPILER_FLAGS=  -O2 -c" "EXTRA_COMPILER_FLAGS=-mcpu=cortex-a9 -mfpu=vfpv3 -mfloat-abi=hard -nostartfiles -g -Wall -Wextra"
"Running Make include in ps7_cortexa9_0/libsrc/spips_v3_1/src"
make -C ps7_cortexa9_0/libsrc/spips_v3_1/src -s include  "SHELL=CMD" "COMPILER=arm-none-eabi-gcc" "ARCHIVER=arm-none-eabi-ar" "COMPILER_FLAGS=  -O2 -c" "EXTRA_COMPILER_FLAGS=-mcpu=cortex-a9 -mfpu=vfpv3 -mfloat-abi=hard -nostartfiles -g -Wall -Wextra"
"Running Make include in ps7_cortexa9_0/libsrc/uartps_v3_7/src"
make -C ps7_cortexa9_0/libsrc/uartps_v3_7/src -s include  "SHELL=CMD" "COMPILER=arm-none-eabi-gcc" "ARCHIVER=arm-none-eabi-ar" "COMPILER_FLAGS=  -O2 -c" "EXTRA_COMPILER_FLAGS=-mcpu=cortex-a9 -mfpu=vfpv3 -mfloat-abi=hard -nostartfiles -g -Wall -Wextra"
"Running Make include in ps7_cortexa9_0/libsrc/usbps_v2_4/src"
make -C ps7_cortexa9_0/libsrc/usbps_v2_4/src -s include  "SHELL=CMD" "COMPILER=arm-none-eabi-gcc" "ARCHIVER=arm-none-eabi-ar" "COMPILER_FLAGS=  -O2 -c" "EXTRA_COMPILER_FLAGS=-mcpu=cortex-a9 -mfpu=vfpv3 -mfloat-abi=hard -nostartfiles -g -Wall -Wextra"
"Running Make include in ps7_cortexa9_0/libsrc/xadcps_v2_3/src"
make -C ps7_cortexa9_0/libsrc/xadcps_v2_3/src -s include  "SHELL=CMD" "COMPILER=arm-none-eabi-gcc" "ARCHIVER=arm-none-eabi-ar" "COMPILER_FLAGS=  -O2 -c" "EXTRA_COMPILER_FLAGS=-mcpu=cortex-a9 -mfpu=vfpv3 -mfloat-abi=hard -nostartfiles -g -Wall -Wextra"
"Running Make include in ps7_cortexa9_0/libsrc/xilffs_v4_0/src"
make -C ps7_cortexa9_0/libsrc/xilffs_v4_0/src -s include  "SHELL=CMD" "COMPILER=arm-none-eabi-gcc" "ARCHIVER=arm-none-eabi-ar" "COMPILER_FLAGS=  -O2 -c" "EXTRA_COMPILER_FLAGS=-mcpu=cortex-a9 -mfpu=vfpv3 -mfloat-abi=hard -nostartfiles -g -Wall -Wextra"
"Running Make libs in ps7_cortexa9_0/libsrc/coresightps_dcc_v1_4/src"
make -C ps7_cortexa9_0/libsrc/coresightps_dcc_v1_4/src -s libs  "SHELL=CMD" "COMPILER=arm-none-eabi-gcc" "ARCHIVER=arm-none-eabi-ar" "COMPILER_FLAGS=  -O2 -c" "EXTRA_COMPILER_FLAGS=-mcpu=cortex-a9 -mfpu=vfpv3 -mfloat-abi=hard -nostartfiles -g -Wall -Wextra"
"Compiling coresightps_dcc"
arm-none-eabi-ar: creating ../../../lib/libxil.a
"Running Make libs in ps7_cortexa9_0/libsrc/cpu_cortexa9_v2_7/src"
make -C ps7_cortexa9_0/libsrc/cpu_cortexa9_v2_7/src -s libs  "SHELL=CMD" "COMPILER=arm-none-eabi-gcc" "ARCHIVER=arm-none-eabi-ar" "COMPILER_FLAGS=  -O2 -c" "EXTRA_COMPILER_FLAGS=-mcpu=cortex-a9 -mfpu=vfpv3 -mfloat-abi=hard -nostartfiles -g -Wall -Wextra"
"Compiling cpu_cortexa9"
"Running Make libs in ps7_cortexa9_0/libsrc/ddrps_v1_0/src"
make -C ps7_cortexa9_0/libsrc/ddrps_v1_0/src -s libs  "SHELL=CMD" "COMPILER=arm-none-eabi-gcc" "ARCHIVER=arm-none-eabi-ar" "COMPILER_FLAGS=  -O2 -c" "EXTRA_COMPILER_FLAGS=-mcpu=cortex-a9 -mfpu=vfpv3 -mfloat-abi=hard -nostartfiles -g -Wall -Wextra"
"Compiling ddrps"
"Running Make libs in ps7_cortexa9_0/libsrc/devcfg_v3_5/src"
make -C ps7_cortexa9_0/libsrc/devcfg_v3_5/src -s libs  "SHELL=CMD" "COMPILER=arm-none-eabi-gcc" "ARCHIVER=arm-none-eabi-ar" "COMPILER_FLAGS=  -O2 -c" "EXTRA_COMPILER_FLAGS=-mcpu=cortex-a9 -mfpu=vfpv3 -mfloat-abi=hard -nostartfiles -g -Wall -Wextra"
"Compiling devcfg"
"Running Make libs in ps7_cortexa9_0/libsrc/dmaps_v2_4/src"
make -C ps7_cortexa9_0/libsrc/dmaps_v2_4/src -s libs  "SHELL=CMD" "COMPILER=arm-none-eabi-gcc" "ARCHIVER=arm-none-eabi-ar" "COMPILER_FLAGS=  -O2 -c" "EXTRA_COMPILER_FLAGS=-mcpu=cortex-a9 -mfpu=vfpv3 -mfloat-abi=hard -nostartfiles -g -Wall -Wextra"
"Compiling dmaps"
"Running Make libs in ps7_cortexa9_0/libsrc/efi_virtual_input_v1_0/src"
make -C ps7_cortexa9_0/libsrc/efi_virtual_input_v1_0/src -s libs  "SHELL=CMD" "COMPILER=arm-none-eabi-gcc" "ARCHIVER=arm-none-eabi-ar" "COMPILER_FLAGS=  -O2 -c" "EXTRA_COMPILER_FLAGS=-mcpu=cortex-a9 -mfpu=vfpv3 -mfloat-abi=hard -nostartfiles -g -Wall -Wextra"
"Compiling efi_virtual_input..."
efi_virtual_input_selftest.c: In function 'EFI_VIRTUAL_INPUT_Reg_SelfTest':
efi_virtual_input_selftest.c:52:66: warning: comparison between signed and unsigned integer expressions [-Wsign-compare]
    if ( EFI_VIRTUAL_INPUT_mReadReg (baseaddr, read_loop_index*4) != (read_loop_index+1)*READ_WRITE_MUL_FACTOR){
                                                                  ^~
efi_virtual_input_selftest.c:36:6: warning: unused variable 'Index' [-Wunused-variable]
  int Index;
      ^~~~~
"Running Make libs in ps7_cortexa9_0/libsrc/emacps_v3_8/src"
make -C ps7_cortexa9_0/libsrc/emacps_v3_8/src -s libs  "SHELL=CMD" "COMPILER=arm-none-eabi-gcc" "ARCHIVER=arm-none-eabi-ar" "COMPILER_FLAGS=  -O2 -c" "EXTRA_COMPILER_FLAGS=-mcpu=cortex-a9 -mfpu=vfpv3 -mfloat-abi=hard -nostartfiles -g -Wall -Wextra"
"Compiling emacps"
"Running Make libs in ps7_cortexa9_0/libsrc/freertos10_xilinx_v1_2/src"
make -C ps7_cortexa9_0/libsrc/freertos10_xilinx_v1_2/src -s libs  "SHELL=CMD" "COMPILER=arm-none-eabi-gcc" "ARCHIVER=arm-none-eabi-ar" "COMPILER_FLAGS=  -O2 -c" "EXTRA_COMPILER_FLAGS=-mcpu=cortex-a9 -mfpu=vfpv3 -mfloat-abi=hard -nostartfiles -g -Wall -Wextra"
"Compiling standalone"
"Compiling FreeRTOS"
arm-none-eabi-ar: creating ../../../lib/libfreertos.a
"Running Make libs in ps7_cortexa9_0/libsrc/gpiops_v3_4/src"
make -C ps7_cortexa9_0/libsrc/gpiops_v3_4/src -s libs  "SHELL=CMD" "COMPILER=arm-none-eabi-gcc" "ARCHIVER=arm-none-eabi-ar" "COMPILER_FLAGS=  -O2 -c" "EXTRA_COMPILER_FLAGS=-mcpu=cortex-a9 -mfpu=vfpv3 -mfloat-abi=hard -nostartfiles -g -Wall -Wextra"
"Compiling gpiops"
"Running Make libs in ps7_cortexa9_0/libsrc/gpio_v4_3/src"
make -C ps7_cortexa9_0/libsrc/gpio_v4_3/src -s libs  "SHELL=CMD" "COMPILER=arm-none-eabi-gcc" "ARCHIVER=arm-none-eabi-ar" "COMPILER_FLAGS=  -O2 -c" "EXTRA_COMPILER_FLAGS=-mcpu=cortex-a9 -mfpu=vfpv3 -mfloat-abi=hard -nostartfiles -g -Wall -Wextra"
"Compiling gpio"
"Running Make libs in ps7_cortexa9_0/libsrc/iicps_v3_8/src"
make -C ps7_cortexa9_0/libsrc/iicps_v3_8/src -s libs  "SHELL=CMD" "COMPILER=arm-none-eabi-gcc" "ARCHIVER=arm-none-eabi-ar" "COMPILER_FLAGS=  -O2 -c" "EXTRA_COMPILER_FLAGS=-mcpu=cortex-a9 -mfpu=vfpv3 -mfloat-abi=hard -nostartfiles -g -Wall -Wextra"
"Compiling iicps"
"Running Make libs in ps7_cortexa9_0/libsrc/qspips_v3_5/src"
make -C ps7_cortexa9_0/libsrc/qspips_v3_5/src -s libs  "SHELL=CMD" "COMPILER=arm-none-eabi-gcc" "ARCHIVER=arm-none-eabi-ar" "COMPILER_FLAGS=  -O2 -c" "EXTRA_COMPILER_FLAGS=-mcpu=cortex-a9 -mfpu=vfpv3 -mfloat-abi=hard -nostartfiles -g -Wall -Wextra"
"Compiling qspips"
"Running Make libs in ps7_cortexa9_0/libsrc/scugic_v3_10/src"
make -C ps7_cortexa9_0/libsrc/scugic_v3_10/src -s libs  "SHELL=CMD" "COMPILER=arm-none-eabi-gcc" "ARCHIVER=arm-none-eabi-ar" "COMPILER_FLAGS=  -O2 -c" "EXTRA_COMPILER_FLAGS=-mcpu=cortex-a9 -mfpu=vfpv3 -mfloat-abi=hard -nostartfiles -g -Wall -Wextra"
"Compiling scugic"
"Running Make libs in ps7_cortexa9_0/libsrc/scutimer_v2_1/src"
make -C ps7_cortexa9_0/libsrc/scutimer_v2_1/src -s libs  "SHELL=CMD" "COMPILER=arm-none-eabi-gcc" "ARCHIVER=arm-none-eabi-ar" "COMPILER_FLAGS=  -O2 -c" "EXTRA_COMPILER_FLAGS=-mcpu=cortex-a9 -mfpu=vfpv3 -mfloat-abi=hard -nostartfiles -g -Wall -Wextra"
"Compiling scutimer"
"Running Make libs in ps7_cortexa9_0/libsrc/scuwdt_v2_1/src"
make -C ps7_cortexa9_0/libsrc/scuwdt_v2_1/src -s libs  "SHELL=CMD" "COMPILER=arm-none-eabi-gcc" "ARCHIVER=arm-none-eabi-ar" "COMPILER_FLAGS=  -O2 -c" "EXTRA_COMPILER_FLAGS=-mcpu=cortex-a9 -mfpu=vfpv3 -mfloat-abi=hard -nostartfiles -g -Wall -Wextra"
"Compiling scuwdt"
"Running Make libs in ps7_cortexa9_0/libsrc/sdps_v3_6/src"
make -C ps7_cortexa9_0/libsrc/sdps_v3_6/src -s libs  "SHELL=CMD" "COMPILER=arm-none-eabi-gcc" "ARCHIVER=arm-none-eabi-ar" "COMPILER_FLAGS=  -O2 -c" "EXTRA_COMPILER_FLAGS=-mcpu=cortex-a9 -mfpu=vfpv3 -mfloat-abi=hard -nostartfiles -g -Wall -Wextra"
"Compiling sdps"
"Running Make libs in ps7_cortexa9_0/libsrc/spips_v3_1/src"
make -C ps7_cortexa9_0/libsrc/spips_v3_1/src -s libs  "SHELL=CMD" "COMPILER=arm-none-eabi-gcc" "ARCHIVER=arm-none-eabi-ar" "COMPILER_FLAGS=  -O2 -c" "EXTRA_COMPILER_FLAGS=-mcpu=cortex-a9 -mfpu=vfpv3 -mfloat-abi=hard -nostartfiles -g -Wall -Wextra"
"Compiling spips"
"Running Make libs in ps7_cortexa9_0/libsrc/uartps_v3_7/src"
make -C ps7_cortexa9_0/libsrc/uartps_v3_7/src -s libs  "SHELL=CMD" "COMPILER=arm-none-eabi-gcc" "ARCHIVER=arm-none-eabi-ar" "COMPILER_FLAGS=  -O2 -c" "EXTRA_COMPILER_FLAGS=-mcpu=cortex-a9 -mfpu=vfpv3 -mfloat-abi=hard -nostartfiles -g -Wall -Wextra"
"Compiling uartps"
"Running Make libs in ps7_cortexa9_0/libsrc/usbps_v2_4/src"
make -C ps7_cortexa9_0/libsrc/usbps_v2_4/src -s libs  "SHELL=CMD" "COMPILER=arm-none-eabi-gcc" "ARCHIVER=arm-none-eabi-ar" "COMPILER_FLAGS=  -O2 -c" "EXTRA_COMPILER_FLAGS=-mcpu=cortex-a9 -mfpu=vfpv3 -mfloat-abi=hard -nostartfiles -g -Wall -Wextra"
"Compiling usbps"
"Running Make libs in ps7_cortexa9_0/libsrc/xadcps_v2_3/src"
make -C ps7_cortexa9_0/libsrc/xadcps_v2_3/src -s libs  "SHELL=CMD" "COMPILER=arm-none-eabi-gcc" "ARCHIVER=arm-none-eabi-ar" "COMPILER_FLAGS=  -O2 -c" "EXTRA_COMPILER_FLAGS=-mcpu=cortex-a9 -mfpu=vfpv3 -mfloat-abi=hard -nostartfiles -g -Wall -Wextra"
"Compiling xadcps"
"Running Make libs in ps7_cortexa9_0/libsrc/xilffs_v4_0/src"
make -C ps7_cortexa9_0/libsrc/xilffs_v4_0/src -s libs  "SHELL=CMD" "COMPILER=arm-none-eabi-gcc" "ARCHIVER=arm-none-eabi-ar" "COMPILER_FLAGS=  -O2 -c" "EXTRA_COMPILER_FLAGS=-mcpu=cortex-a9 -mfpu=vfpv3 -mfloat-abi=hard -nostartfiles -g -Wall -Wextra"
"Compiling XilFFs Library"
'Finished building libraries'
19:24:07 **** Auto Build of configuration Debug for project hust_efi_3 ****
make pre-build main-build 
a9-linaro-pre-build-step
' '
'Building file: ../src/CLT.cpp'
'Invoking: ARM v7 g++ compiler'
arm-none-eabi-g++ -Wall -O0 -g3 -c -fmessage-length=0 -MT"src/CLT.o" -mcpu=cortex-a9 -mfpu=vfpv3 -mfloat-abi=hard -I../../hust_efi_3_bsp/ps7_cortexa9_0/include -MMD -MP -MF"src/CLT.d" -MT"src/CLT.o" -o "src/CLT.o" "../src/CLT.cpp"
'Finished building: ../src/CLT.cpp'
' '
'Building file: ../src/EFI.cpp'
'Invoking: ARM v7 g++ compiler'
arm-none-eabi-g++ -Wall -O0 -g3 -c -fmessage-length=0 -MT"src/EFI.o" -mcpu=cortex-a9 -mfpu=vfpv3 -mfloat-abi=hard -I../../hust_efi_3_bsp/ps7_cortexa9_0/include -MMD -MP -MF"src/EFI.d" -MT"src/EFI.o" -o "src/EFI.o" "../src/EFI.cpp"
../src/EFI.cpp: In constructor 'EFI::EFI()':
../src/EFI.cpp:10:47: warning: ISO C++ forbids converting a string constant to 'char*' [-Wwrite-strings]
   bool empty = FIC[i].loadTable("data/backup/");
                                               ^
../src/EFI.cpp:13:36: warning: ISO C++ forbids converting a string constant to 'char*' [-Wwrite-strings]
    FIC[i].loadTable("data/initial/");
                                    ^
../src/EFI.cpp: In member function 'bool EFI::setCheckEngineLight(bool)':
../src/EFI.cpp:24:1: warning: no return statement in function returning non-void [-Wreturn-type]
 }
 ^
../src/EFI.cpp: In member function 'void EFI::updateTable(int)':
../src/EFI.cpp:68:83: warning: ISO C++ forbids converting a string constant to 'char*' [-Wwrite-strings]
  FIC[cylinder_order].updateTable("", MAPSensor.getData(), RPM, EGOSensor.getData());
                                                                                   ^
'Finished building: ../src/EFI.cpp'
' '
'Building file: ../src/EGO.cpp'
'Invoking: ARM v7 g++ compiler'
arm-none-eabi-g++ -Wall -O0 -g3 -c -fmessage-length=0 -MT"src/EGO.o" -mcpu=cortex-a9 -mfpu=vfpv3 -mfloat-abi=hard -I../../hust_efi_3_bsp/ps7_cortexa9_0/include -MMD -MP -MF"src/EGO.d" -MT"src/EGO.o" -o "src/EGO.o" "../src/EGO.cpp"
'Finished building: ../src/EGO.cpp'
' '
'Building file: ../src/FuelInjectionControl.cpp'
'Invoking: ARM v7 g++ compiler'
arm-none-eabi-g++ -Wall -O0 -g3 -c -fmessage-length=0 -MT"src/FuelInjectionControl.o" -mcpu=cortex-a9 -mfpu=vfpv3 -mfloat-abi=hard -I../../hust_efi_3_bsp/ps7_cortexa9_0/include -MMD -MP -MF"src/FuelInjectionControl.d" -MT"src/FuelInjectionControl.o" -o "src/FuelInjectionControl.o" "../src/FuelInjectionControl.cpp"
'Finished building: ../src/FuelInjectionControl.cpp'
' '
'Building file: ../src/IgnitionControl.cpp'
'Invoking: ARM v7 g++ compiler'
arm-none-eabi-g++ -Wall -O0 -g3 -c -fmessage-length=0 -MT"src/IgnitionControl.o" -mcpu=cortex-a9 -mfpu=vfpv3 -mfloat-abi=hard -I../../hust_efi_3_bsp/ps7_cortexa9_0/include -MMD -MP -MF"src/IgnitionControl.d" -MT"src/IgnitionControl.o" -o "src/IgnitionControl.o" "../src/IgnitionControl.cpp"
'Finished building: ../src/IgnitionControl.cpp'
' '
'Building file: ../src/MAP.cpp'
'Invoking: ARM v7 g++ compiler'
arm-none-eabi-g++ -Wall -O0 -g3 -c -fmessage-length=0 -MT"src/MAP.o" -mcpu=cortex-a9 -mfpu=vfpv3 -mfloat-abi=hard -I../../hust_efi_3_bsp/ps7_cortexa9_0/include -MMD -MP -MF"src/MAP.d" -MT"src/MAP.o" -o "src/MAP.o" "../src/MAP.cpp"
'Finished building: ../src/MAP.cpp'
' '
'Building file: ../src/MAT.cpp'
'Invoking: ARM v7 g++ compiler'
arm-none-eabi-g++ -Wall -O0 -g3 -c -fmessage-length=0 -MT"src/MAT.o" -mcpu=cortex-a9 -mfpu=vfpv3 -mfloat-abi=hard -I../../hust_efi_3_bsp/ps7_cortexa9_0/include -MMD -MP -MF"src/MAT.d" -MT"src/MAT.o" -o "src/MAT.o" "../src/MAT.cpp"
'Finished building: ../src/MAT.cpp'
' '
'Building file: ../src/main.cc'
'Invoking: ARM v7 g++ compiler'
arm-none-eabi-g++ -Wall -O0 -g3 -c -fmessage-length=0 -MT"src/main.o" -mcpu=cortex-a9 -mfpu=vfpv3 -mfloat-abi=hard -I../../hust_efi_3_bsp/ps7_cortexa9_0/include -MMD -MP -MF"src/main.d" -MT"src/main.o" -o "src/main.o" "../src/main.cc"
../src/main.cc: In function 'void vTaskProcess(void*)':
../src/main.cc:204:47: warning: format '%u' expects argument of type 'unsigned int', but argument 2 has type 'u32 {aka long unsigned int}' [-Wformat=]
   printf("\ncrank_counter = %u", crank_counter);
                                               ^
../src/main.cc:205:59: warning: format '%u' expects argument of type 'unsigned int', but argument 2 has type 'u32 {aka long unsigned int}' [-Wformat=]
   printf("\ncrank_cycle_counter = %u", crank_cycle_counter);
                                                           ^
../src/main.cc:208:47: warning: format '%x' expects argument of type 'unsigned int', but argument 2 has type 'u32 {aka long unsigned int}' [-Wformat=]
   printf("\ncal_injection = %x", cal_injection);
                                               ^
../src/main.cc:209:45: warning: format '%x' expects argument of type 'unsigned int', but argument 2 has type 'u32 {aka long unsigned int}' [-Wformat=]
   printf("\ncal_ignition = %x", cal_ignition);
                                             ^
../src/main.cc:210:45: warning: format '%x' expects argument of type 'unsigned int', but argument 2 has type 'u32 {aka long unsigned int}' [-Wformat=]
   printf("\nupdate_table = %x", update_table);
                                             ^
'Finished building: ../src/main.cc'
' '
'Building file: ../lib/File.cpp'
'Invoking: ARM v7 g++ compiler'
arm-none-eabi-g++ -Wall -O0 -g3 -c -fmessage-length=0 -MT"lib/File.o" -mcpu=cortex-a9 -mfpu=vfpv3 -mfloat-abi=hard -I../../hust_efi_3_bsp/ps7_cortexa9_0/include -MMD -MP -MF"lib/File.d" -MT"lib/File.o" -o "lib/File.o" "../lib/File.cpp"
../lib/File.cpp: In static member function 'static bool File::read(const char*, float**, int, int)':
../lib/File.cpp:27:20: warning: comparison between signed and unsigned integer expressions [-Wsign-compare]
  for (int i = 0; i < fptr->obj.objsize; i ++) {
                  ~~^~~~~~~~~~~~~~~~~~~
../lib/File.cpp: In static member function 'static bool File::write(const char*, float**, int, int)':
../lib/File.cpp:64:22: warning: comparison between signed and unsigned integer expressions [-Wsign-compare]
    for (int i = 0; i < str.length(); i++) {
                    ~~^~~~~~~~~~~~~~
../lib/File.cpp:77:20: warning: comparison between signed and unsigned integer expressions [-Wsign-compare]
  for (int i = 0; i < v.size(); i++) {
                  ~~^~~~~~~~~~
../lib/File.cpp:54:10: warning: unused variable 'op' [-Wunused-variable]
  FRESULT op = f_open(fptr, path, FA_CREATE_ALWAYS | FA_WRITE);
          ^~
../lib/File.cpp: In static member function 'static bool File::read(const char*, float**, int, int)':
../lib/File.cpp:9:41: warning: 'fptr' is used uninitialized in this function [-Wuninitialized]
  FRESULT op = f_open(fptr, path, FA_READ);
                                         ^
../lib/File.cpp:22:8: warning: 'br' may be used uninitialized in this function [-Wmaybe-uninitialized]
  f_read(fptr, (void*) buff, fptr->obj.objsize, br);
  ~~~~~~^~~~~~~~~~~~~~~~~~~~~~~~~~~~~~~~~~~~~~~~~~~
../lib/File.cpp: In static member function 'static bool File::write(const char*, float**, int, int)':
../lib/File.cpp:54:61: warning: 'fptr' is used uninitialized in this function [-Wuninitialized]
  FRESULT op = f_open(fptr, path, FA_CREATE_ALWAYS | FA_WRITE);
                                                             ^
'Finished building: ../lib/File.cpp'
' '
'Building file: ../lib/Math.cpp'
'Invoking: ARM v7 g++ compiler'
arm-none-eabi-g++ -Wall -O0 -g3 -c -fmessage-length=0 -MT"lib/Math.o" -mcpu=cortex-a9 -mfpu=vfpv3 -mfloat-abi=hard -I../../hust_efi_3_bsp/ps7_cortexa9_0/include -MMD -MP -MF"lib/Math.d" -MT"lib/Math.o" -o "lib/Math.o" "../lib/Math.cpp"
'Finished building: ../lib/Math.cpp'
' '
'Building file: ../lib/sdCard.c'
'Invoking: ARM v7 g++ compiler'
arm-none-eabi-g++ -Wall -O0 -g3 -c -fmessage-length=0 -MT"lib/sdCard.o" -mcpu=cortex-a9 -mfpu=vfpv3 -mfloat-abi=hard -I../../hust_efi_3_bsp/ps7_cortexa9_0/include -MMD -MP -MF"lib/sdCard.d" -MT"lib/sdCard.o" -o "lib/sdCard.o" "../lib/sdCard.c"
../lib/sdCard.c: In function 'int SD_Init()':
../lib/sdCard.c:8:16: warning: ISO C++ forbids converting a string constant to 'TCHAR* {aka char*}' [-Wwrite-strings]
  TCHAR *Path = "0:/";
                ^~~~~
../lib/sdCard.c: In function 'int SD_Eject()':
../lib/sdCard.c:20:16: warning: ISO C++ forbids converting a string constant to 'TCHAR* {aka char*}' [-Wwrite-strings]
  TCHAR *Path = "0:/";
                ^~~~~
'Finished building: ../lib/sdCard.c'
' '
'Building target: hust_efi_3.elf'
'Invoking: ARM v7 g++ linker'
arm-none-eabi-g++ -mcpu=cortex-a9 -mfpu=vfpv3 -mfloat-abi=hard -Wl,-build-id=none -specs=Xilinx.spec -Wl,-T -Wl,../src/lscript.ld -L../../hust_efi_3_bsp/ps7_cortexa9_0/lib -o "hust_efi_3.elf"  ./src/CKP.o ./src/CLT.o ./src/Communication.o ./src/EFI.o ./src/EGO.o ./src/Engine.o ./src/FuelInjectionControl.o ./src/IgnitionControl.o ./src/MAP.o ./src/MAT.o ./src/main.o  ./lib/Array.o ./lib/File.o ./lib/Math.o ./lib/sdCard.o   -Wl,--start-group,-lxil,-lfreertos,-lgcc,-lc,-lstdc++,--end-group -Wl,--start-group,-lxilffs,-lxil,-lgcc,-lc,--end-group
'Finished building target: hust_efi_3.elf'
' '
'Invoking: ARM v7 Print Size'
arm-none-eabi-size hust_efi_3.elf  |tee "hust_efi_3.elf.size"
   text	   data	    bss	    dec	    hex	filename
 916816	   3864	6082240	7002920	 6adb28	hust_efi_3.elf
'Finished building: hust_efi_3.elf.size'
' '
19:25:41 **** Incremental Build of configuration Debug for project hust_efi_3 ****
make pre-build main-build 
a9-linaro-pre-build-step
' '
make: Nothing to be done for 'main-build'.
19:28:28 **** Auto Build of configuration Debug for project hust_efi_3 ****
make pre-build main-build 
a9-linaro-pre-build-step
' '
'Building file: ../src/main.cc'
'Invoking: ARM v7 g++ compiler'
arm-none-eabi-g++ -Wall -O0 -g3 -c -fmessage-length=0 -MT"src/main.o" -mcpu=cortex-a9 -mfpu=vfpv3 -mfloat-abi=hard -I../../hust_efi_3_bsp/ps7_cortexa9_0/include -MMD -MP -MF"src/main.d" -MT"src/main.o" -o "src/main.o" "../src/main.cc"
../src/main.cc: In function 'void vTaskProcess(void*)':
../src/main.cc:204:47: warning: format '%u' expects argument of type 'unsigned int', but argument 2 has type 'u32 {aka long unsigned int}' [-Wformat=]
   printf("\ncrank_counter = %u", crank_counter);
                                               ^
../src/main.cc:205:59: warning: format '%u' expects argument of type 'unsigned int', but argument 2 has type 'u32 {aka long unsigned int}' [-Wformat=]
   printf("\ncrank_cycle_counter = %u", crank_cycle_counter);
                                                           ^
../src/main.cc:208:47: warning: format '%x' expects argument of type 'unsigned int', but argument 2 has type 'u32 {aka long unsigned int}' [-Wformat=]
   printf("\ncal_injection = %x", cal_injection);
                                               ^
../src/main.cc:209:45: warning: format '%x' expects argument of type 'unsigned int', but argument 2 has type 'u32 {aka long unsigned int}' [-Wformat=]
   printf("\ncal_ignition = %x", cal_ignition);
                                             ^
../src/main.cc:210:45: warning: format '%x' expects argument of type 'unsigned int', but argument 2 has type 'u32 {aka long unsigned int}' [-Wformat=]
   printf("\nupdate_table = %x", update_table);
                                             ^
'Finished building: ../src/main.cc'
' '
'Building target: hust_efi_3.elf'
'Invoking: ARM v7 g++ linker'
arm-none-eabi-g++ -mcpu=cortex-a9 -mfpu=vfpv3 -mfloat-abi=hard -Wl,-build-id=none -specs=Xilinx.spec -Wl,-T -Wl,../src/lscript.ld -L../../hust_efi_3_bsp/ps7_cortexa9_0/lib -o "hust_efi_3.elf"  ./src/CKP.o ./src/CLT.o ./src/Communication.o ./src/EFI.o ./src/EGO.o ./src/Engine.o ./src/FuelInjectionControl.o ./src/IgnitionControl.o ./src/MAP.o ./src/MAT.o ./src/main.o  ./lib/Array.o ./lib/File.o ./lib/Math.o ./lib/sdCard.o   -Wl,--start-group,-lxil,-lfreertos,-lgcc,-lc,-lstdc++,--end-group -Wl,--start-group,-lxilffs,-lxil,-lgcc,-lc,--end-group
'Finished building target: hust_efi_3.elf'
' '
'Invoking: ARM v7 Print Size'
arm-none-eabi-size hust_efi_3.elf  |tee "hust_efi_3.elf.size"
   text	   data	    bss	    dec	    hex	filename
 916816	   3864	6082240	7002920	 6adb28	hust_efi_3.elf
'Finished building: hust_efi_3.elf.size'
' '
19:29:02 **** Incremental Build of configuration Debug for project hust_efi_3 ****
make pre-build main-build 
a9-linaro-pre-build-step
' '
make: Nothing to be done for 'main-build'.
19:34:02 **** Auto Build of configuration Debug for project hust_efi_3 ****
make pre-build main-build 
a9-linaro-pre-build-step
' '
'Building file: ../src/main.cc'
'Invoking: ARM v7 g++ compiler'
arm-none-eabi-g++ -Wall -O0 -g3 -c -fmessage-length=0 -MT"src/main.o" -mcpu=cortex-a9 -mfpu=vfpv3 -mfloat-abi=hard -I../../hust_efi_3_bsp/ps7_cortexa9_0/include -MMD -MP -MF"src/main.d" -MT"src/main.o" -o "src/main.o" "../src/main.cc"
../src/main.cc: In function 'void vTaskProcess(void*)':
../src/main.cc:203:47: warning: format '%u' expects argument of type 'unsigned int', but argument 2 has type 'u32 {aka long unsigned int}' [-Wformat=]
   printf("\ncrank_counter = %u", crank_counter);
                                               ^
../src/main.cc:204:59: warning: format '%u' expects argument of type 'unsigned int', but argument 2 has type 'u32 {aka long unsigned int}' [-Wformat=]
   printf("\ncrank_cycle_counter = %u", crank_cycle_counter);
                                                           ^
../src/main.cc:207:47: warning: format '%x' expects argument of type 'unsigned int', but argument 2 has type 'u32 {aka long unsigned int}' [-Wformat=]
   printf("\ncal_injection = %x", cal_injection);
                                               ^
../src/main.cc:208:45: warning: format '%x' expects argument of type 'unsigned int', but argument 2 has type 'u32 {aka long unsigned int}' [-Wformat=]
   printf("\ncal_ignition = %x", cal_ignition);
                                             ^
../src/main.cc:209:45: warning: format '%x' expects argument of type 'unsigned int', but argument 2 has type 'u32 {aka long unsigned int}' [-Wformat=]
   printf("\nupdate_table = %x", update_table);
                                             ^
'Finished building: ../src/main.cc'
' '
'Building target: hust_efi_3.elf'
'Invoking: ARM v7 g++ linker'
arm-none-eabi-g++ -mcpu=cortex-a9 -mfpu=vfpv3 -mfloat-abi=hard -Wl,-build-id=none -specs=Xilinx.spec -Wl,-T -Wl,../src/lscript.ld -L../../hust_efi_3_bsp/ps7_cortexa9_0/lib -o "hust_efi_3.elf"  ./src/CKP.o ./src/CLT.o ./src/Communication.o ./src/EFI.o ./src/EGO.o ./src/Engine.o ./src/FuelInjectionControl.o ./src/IgnitionControl.o ./src/MAP.o ./src/MAT.o ./src/main.o  ./lib/Array.o ./lib/File.o ./lib/Math.o ./lib/sdCard.o   -Wl,--start-group,-lxil,-lfreertos,-lgcc,-lc,-lstdc++,--end-group -Wl,--start-group,-lxilffs,-lxil,-lgcc,-lc,--end-group
'Finished building target: hust_efi_3.elf'
' '
'Invoking: ARM v7 Print Size'
arm-none-eabi-size hust_efi_3.elf  |tee "hust_efi_3.elf.size"
   text	   data	    bss	    dec	    hex	filename
 916632	   3864	6082240	7002736	 6ada70	hust_efi_3.elf
'Finished building: hust_efi_3.elf.size'
' '
19:34:22 **** Incremental Build of configuration Debug for project hust_efi_3 ****
make pre-build main-build 
a9-linaro-pre-build-step
' '
make: Nothing to be done for 'main-build'.
19:34:53 **** Incremental Build of configuration Debug for project hust_efi_3 ****
make pre-build main-build 
a9-linaro-pre-build-step
' '
make: Nothing to be done for 'main-build'.
19:35:45 **** Incremental Build of configuration Debug for project hust_efi_3 ****
make pre-build main-build 
a9-linaro-pre-build-step
' '
make: Nothing to be done for 'main-build'.
19:36:54 **** Build of project efi_rl_bsp ****
make -k all 
"Running Make include in ps7_cortexa9_0/libsrc/coresightps_dcc_v1_4/src"
make -C ps7_cortexa9_0/libsrc/coresightps_dcc_v1_4/src -s include  "SHELL=CMD" "COMPILER=arm-none-eabi-gcc" "ARCHIVER=arm-none-eabi-ar" "COMPILER_FLAGS=  -O2 -c" "EXTRA_COMPILER_FLAGS=-mcpu=cortex-a9 -mfpu=vfpv3 -mfloat-abi=hard -nostartfiles -g -Wall -Wextra"
"Running Make include in ps7_cortexa9_0/libsrc/cpu_cortexa9_v2_7/src"
make -C ps7_cortexa9_0/libsrc/cpu_cortexa9_v2_7/src -s include  "SHELL=CMD" "COMPILER=arm-none-eabi-gcc" "ARCHIVER=arm-none-eabi-ar" "COMPILER_FLAGS=  -O2 -c" "EXTRA_COMPILER_FLAGS=-mcpu=cortex-a9 -mfpu=vfpv3 -mfloat-abi=hard -nostartfiles -g -Wall -Wextra"
"Running Make include in ps7_cortexa9_0/libsrc/ddrps_v1_0/src"
make -C ps7_cortexa9_0/libsrc/ddrps_v1_0/src -s include  "SHELL=CMD" "COMPILER=arm-none-eabi-gcc" "ARCHIVER=arm-none-eabi-ar" "COMPILER_FLAGS=  -O2 -c" "EXTRA_COMPILER_FLAGS=-mcpu=cortex-a9 -mfpu=vfpv3 -mfloat-abi=hard -nostartfiles -g -Wall -Wextra"
"Running Make include in ps7_cortexa9_0/libsrc/devcfg_v3_5/src"
make -C ps7_cortexa9_0/libsrc/devcfg_v3_5/src -s include  "SHELL=CMD" "COMPILER=arm-none-eabi-gcc" "ARCHIVER=arm-none-eabi-ar" "COMPILER_FLAGS=  -O2 -c" "EXTRA_COMPILER_FLAGS=-mcpu=cortex-a9 -mfpu=vfpv3 -mfloat-abi=hard -nostartfiles -g -Wall -Wextra"
"Running Make include in ps7_cortexa9_0/libsrc/dmaps_v2_4/src"
make -C ps7_cortexa9_0/libsrc/dmaps_v2_4/src -s include  "SHELL=CMD" "COMPILER=arm-none-eabi-gcc" "ARCHIVER=arm-none-eabi-ar" "COMPILER_FLAGS=  -O2 -c" "EXTRA_COMPILER_FLAGS=-mcpu=cortex-a9 -mfpu=vfpv3 -mfloat-abi=hard -nostartfiles -g -Wall -Wextra"
"Running Make include in ps7_cortexa9_0/libsrc/efi_virtual_input_v1_0/src"
make -C ps7_cortexa9_0/libsrc/efi_virtual_input_v1_0/src -s include  "SHELL=CMD" "COMPILER=arm-none-eabi-gcc" "ARCHIVER=arm-none-eabi-ar" "COMPILER_FLAGS=  -O2 -c" "EXTRA_COMPILER_FLAGS=-mcpu=cortex-a9 -mfpu=vfpv3 -mfloat-abi=hard -nostartfiles -g -Wall -Wextra"
"Running Make include in ps7_cortexa9_0/libsrc/emacps_v3_8/src"
make -C ps7_cortexa9_0/libsrc/emacps_v3_8/src -s include  "SHELL=CMD" "COMPILER=arm-none-eabi-gcc" "ARCHIVER=arm-none-eabi-ar" "COMPILER_FLAGS=  -O2 -c" "EXTRA_COMPILER_FLAGS=-mcpu=cortex-a9 -mfpu=vfpv3 -mfloat-abi=hard -nostartfiles -g -Wall -Wextra"
"Running Make include in ps7_cortexa9_0/libsrc/freertos10_xilinx_v1_2/src"
make -C ps7_cortexa9_0/libsrc/freertos10_xilinx_v1_2/src -s include  "SHELL=CMD" "COMPILER=arm-none-eabi-gcc" "ARCHIVER=arm-none-eabi-ar" "COMPILER_FLAGS=  -O2 -c" "EXTRA_COMPILER_FLAGS=-mcpu=cortex-a9 -mfpu=vfpv3 -mfloat-abi=hard -nostartfiles -g -Wall -Wextra"
"include"
"Running Make include in ps7_cortexa9_0/libsrc/gpiops_v3_4/src"
make -C ps7_cortexa9_0/libsrc/gpiops_v3_4/src -s include  "SHELL=CMD" "COMPILER=arm-none-eabi-gcc" "ARCHIVER=arm-none-eabi-ar" "COMPILER_FLAGS=  -O2 -c" "EXTRA_COMPILER_FLAGS=-mcpu=cortex-a9 -mfpu=vfpv3 -mfloat-abi=hard -nostartfiles -g -Wall -Wextra"
"Running Make include in ps7_cortexa9_0/libsrc/gpio_v4_3/src"
make -C ps7_cortexa9_0/libsrc/gpio_v4_3/src -s include  "SHELL=CMD" "COMPILER=arm-none-eabi-gcc" "ARCHIVER=arm-none-eabi-ar" "COMPILER_FLAGS=  -O2 -c" "EXTRA_COMPILER_FLAGS=-mcpu=cortex-a9 -mfpu=vfpv3 -mfloat-abi=hard -nostartfiles -g -Wall -Wextra"
"Running Make include in ps7_cortexa9_0/libsrc/iicps_v3_8/src"
make -C ps7_cortexa9_0/libsrc/iicps_v3_8/src -s include  "SHELL=CMD" "COMPILER=arm-none-eabi-gcc" "ARCHIVER=arm-none-eabi-ar" "COMPILER_FLAGS=  -O2 -c" "EXTRA_COMPILER_FLAGS=-mcpu=cortex-a9 -mfpu=vfpv3 -mfloat-abi=hard -nostartfiles -g -Wall -Wextra"
"Running Make include in ps7_cortexa9_0/libsrc/qspips_v3_5/src"
make -C ps7_cortexa9_0/libsrc/qspips_v3_5/src -s include  "SHELL=CMD" "COMPILER=arm-none-eabi-gcc" "ARCHIVER=arm-none-eabi-ar" "COMPILER_FLAGS=  -O2 -c" "EXTRA_COMPILER_FLAGS=-mcpu=cortex-a9 -mfpu=vfpv3 -mfloat-abi=hard -nostartfiles -g -Wall -Wextra"
"Running Make include in ps7_cortexa9_0/libsrc/scugic_v3_10/src"
make -C ps7_cortexa9_0/libsrc/scugic_v3_10/src -s include  "SHELL=CMD" "COMPILER=arm-none-eabi-gcc" "ARCHIVER=arm-none-eabi-ar" "COMPILER_FLAGS=  -O2 -c" "EXTRA_COMPILER_FLAGS=-mcpu=cortex-a9 -mfpu=vfpv3 -mfloat-abi=hard -nostartfiles -g -Wall -Wextra"
"Running Make include in ps7_cortexa9_0/libsrc/scutimer_v2_1/src"
make -C ps7_cortexa9_0/libsrc/scutimer_v2_1/src -s include  "SHELL=CMD" "COMPILER=arm-none-eabi-gcc" "ARCHIVER=arm-none-eabi-ar" "COMPILER_FLAGS=  -O2 -c" "EXTRA_COMPILER_FLAGS=-mcpu=cortex-a9 -mfpu=vfpv3 -mfloat-abi=hard -nostartfiles -g -Wall -Wextra"
"Running Make include in ps7_cortexa9_0/libsrc/scuwdt_v2_1/src"
make -C ps7_cortexa9_0/libsrc/scuwdt_v2_1/src -s include  "SHELL=CMD" "COMPILER=arm-none-eabi-gcc" "ARCHIVER=arm-none-eabi-ar" "COMPILER_FLAGS=  -O2 -c" "EXTRA_COMPILER_FLAGS=-mcpu=cortex-a9 -mfpu=vfpv3 -mfloat-abi=hard -nostartfiles -g -Wall -Wextra"
"Running Make include in ps7_cortexa9_0/libsrc/sdps_v3_6/src"
make -C ps7_cortexa9_0/libsrc/sdps_v3_6/src -s include  "SHELL=CMD" "COMPILER=arm-none-eabi-gcc" "ARCHIVER=arm-none-eabi-ar" "COMPILER_FLAGS=  -O2 -c" "EXTRA_COMPILER_FLAGS=-mcpu=cortex-a9 -mfpu=vfpv3 -mfloat-abi=hard -nostartfiles -g -Wall -Wextra"
"Running Make include in ps7_cortexa9_0/libsrc/spips_v3_1/src"
make -C ps7_cortexa9_0/libsrc/spips_v3_1/src -s include  "SHELL=CMD" "COMPILER=arm-none-eabi-gcc" "ARCHIVER=arm-none-eabi-ar" "COMPILER_FLAGS=  -O2 -c" "EXTRA_COMPILER_FLAGS=-mcpu=cortex-a9 -mfpu=vfpv3 -mfloat-abi=hard -nostartfiles -g -Wall -Wextra"
"Running Make include in ps7_cortexa9_0/libsrc/uartps_v3_7/src"
make -C ps7_cortexa9_0/libsrc/uartps_v3_7/src -s include  "SHELL=CMD" "COMPILER=arm-none-eabi-gcc" "ARCHIVER=arm-none-eabi-ar" "COMPILER_FLAGS=  -O2 -c" "EXTRA_COMPILER_FLAGS=-mcpu=cortex-a9 -mfpu=vfpv3 -mfloat-abi=hard -nostartfiles -g -Wall -Wextra"
"Running Make include in ps7_cortexa9_0/libsrc/usbps_v2_4/src"
make -C ps7_cortexa9_0/libsrc/usbps_v2_4/src -s include  "SHELL=CMD" "COMPILER=arm-none-eabi-gcc" "ARCHIVER=arm-none-eabi-ar" "COMPILER_FLAGS=  -O2 -c" "EXTRA_COMPILER_FLAGS=-mcpu=cortex-a9 -mfpu=vfpv3 -mfloat-abi=hard -nostartfiles -g -Wall -Wextra"
"Running Make include in ps7_cortexa9_0/libsrc/xadcps_v2_3/src"
make -C ps7_cortexa9_0/libsrc/xadcps_v2_3/src -s include  "SHELL=CMD" "COMPILER=arm-none-eabi-gcc" "ARCHIVER=arm-none-eabi-ar" "COMPILER_FLAGS=  -O2 -c" "EXTRA_COMPILER_FLAGS=-mcpu=cortex-a9 -mfpu=vfpv3 -mfloat-abi=hard -nostartfiles -g -Wall -Wextra"
"Running Make libs in ps7_cortexa9_0/libsrc/coresightps_dcc_v1_4/src"
make -C ps7_cortexa9_0/libsrc/coresightps_dcc_v1_4/src -s libs  "SHELL=CMD" "COMPILER=arm-none-eabi-gcc" "ARCHIVER=arm-none-eabi-ar" "COMPILER_FLAGS=  -O2 -c" "EXTRA_COMPILER_FLAGS=-mcpu=cortex-a9 -mfpu=vfpv3 -mfloat-abi=hard -nostartfiles -g -Wall -Wextra"
"Compiling coresightps_dcc"
arm-none-eabi-ar: creating ../../../lib/libxil.a
"Running Make libs in ps7_cortexa9_0/libsrc/cpu_cortexa9_v2_7/src"
make -C ps7_cortexa9_0/libsrc/cpu_cortexa9_v2_7/src -s libs  "SHELL=CMD" "COMPILER=arm-none-eabi-gcc" "ARCHIVER=arm-none-eabi-ar" "COMPILER_FLAGS=  -O2 -c" "EXTRA_COMPILER_FLAGS=-mcpu=cortex-a9 -mfpu=vfpv3 -mfloat-abi=hard -nostartfiles -g -Wall -Wextra"
"Compiling cpu_cortexa9"
"Running Make libs in ps7_cortexa9_0/libsrc/ddrps_v1_0/src"
make -C ps7_cortexa9_0/libsrc/ddrps_v1_0/src -s libs  "SHELL=CMD" "COMPILER=arm-none-eabi-gcc" "ARCHIVER=arm-none-eabi-ar" "COMPILER_FLAGS=  -O2 -c" "EXTRA_COMPILER_FLAGS=-mcpu=cortex-a9 -mfpu=vfpv3 -mfloat-abi=hard -nostartfiles -g -Wall -Wextra"
"Compiling ddrps"
"Running Make libs in ps7_cortexa9_0/libsrc/devcfg_v3_5/src"
make -C ps7_cortexa9_0/libsrc/devcfg_v3_5/src -s libs  "SHELL=CMD" "COMPILER=arm-none-eabi-gcc" "ARCHIVER=arm-none-eabi-ar" "COMPILER_FLAGS=  -O2 -c" "EXTRA_COMPILER_FLAGS=-mcpu=cortex-a9 -mfpu=vfpv3 -mfloat-abi=hard -nostartfiles -g -Wall -Wextra"
"Compiling devcfg"
"Running Make libs in ps7_cortexa9_0/libsrc/dmaps_v2_4/src"
make -C ps7_cortexa9_0/libsrc/dmaps_v2_4/src -s libs  "SHELL=CMD" "COMPILER=arm-none-eabi-gcc" "ARCHIVER=arm-none-eabi-ar" "COMPILER_FLAGS=  -O2 -c" "EXTRA_COMPILER_FLAGS=-mcpu=cortex-a9 -mfpu=vfpv3 -mfloat-abi=hard -nostartfiles -g -Wall -Wextra"
"Compiling dmaps"
"Running Make libs in ps7_cortexa9_0/libsrc/efi_virtual_input_v1_0/src"
make -C ps7_cortexa9_0/libsrc/efi_virtual_input_v1_0/src -s libs  "SHELL=CMD" "COMPILER=arm-none-eabi-gcc" "ARCHIVER=arm-none-eabi-ar" "COMPILER_FLAGS=  -O2 -c" "EXTRA_COMPILER_FLAGS=-mcpu=cortex-a9 -mfpu=vfpv3 -mfloat-abi=hard -nostartfiles -g -Wall -Wextra"
"Compiling efi_virtual_input..."
efi_virtual_input_selftest.c: In function 'EFI_VIRTUAL_INPUT_Reg_SelfTest':
efi_virtual_input_selftest.c:52:66: warning: comparison between signed and unsigned integer expressions [-Wsign-compare]
    if ( EFI_VIRTUAL_INPUT_mReadReg (baseaddr, read_loop_index*4) != (read_loop_index+1)*READ_WRITE_MUL_FACTOR){
                                                                  ^~
efi_virtual_input_selftest.c:36:6: warning: unused variable 'Index' [-Wunused-variable]
  int Index;
      ^~~~~
"Running Make libs in ps7_cortexa9_0/libsrc/emacps_v3_8/src"
make -C ps7_cortexa9_0/libsrc/emacps_v3_8/src -s libs  "SHELL=CMD" "COMPILER=arm-none-eabi-gcc" "ARCHIVER=arm-none-eabi-ar" "COMPILER_FLAGS=  -O2 -c" "EXTRA_COMPILER_FLAGS=-mcpu=cortex-a9 -mfpu=vfpv3 -mfloat-abi=hard -nostartfiles -g -Wall -Wextra"
"Compiling emacps"
"Running Make libs in ps7_cortexa9_0/libsrc/freertos10_xilinx_v1_2/src"
make -C ps7_cortexa9_0/libsrc/freertos10_xilinx_v1_2/src -s libs  "SHELL=CMD" "COMPILER=arm-none-eabi-gcc" "ARCHIVER=arm-none-eabi-ar" "COMPILER_FLAGS=  -O2 -c" "EXTRA_COMPILER_FLAGS=-mcpu=cortex-a9 -mfpu=vfpv3 -mfloat-abi=hard -nostartfiles -g -Wall -Wextra"
"Compiling standalone"
"Compiling FreeRTOS"
arm-none-eabi-ar: creating ../../../lib/libfreertos.a
"Running Make libs in ps7_cortexa9_0/libsrc/gpiops_v3_4/src"
make -C ps7_cortexa9_0/libsrc/gpiops_v3_4/src -s libs  "SHELL=CMD" "COMPILER=arm-none-eabi-gcc" "ARCHIVER=arm-none-eabi-ar" "COMPILER_FLAGS=  -O2 -c" "EXTRA_COMPILER_FLAGS=-mcpu=cortex-a9 -mfpu=vfpv3 -mfloat-abi=hard -nostartfiles -g -Wall -Wextra"
"Compiling gpiops"
"Running Make libs in ps7_cortexa9_0/libsrc/gpio_v4_3/src"
make -C ps7_cortexa9_0/libsrc/gpio_v4_3/src -s libs  "SHELL=CMD" "COMPILER=arm-none-eabi-gcc" "ARCHIVER=arm-none-eabi-ar" "COMPILER_FLAGS=  -O2 -c" "EXTRA_COMPILER_FLAGS=-mcpu=cortex-a9 -mfpu=vfpv3 -mfloat-abi=hard -nostartfiles -g -Wall -Wextra"
"Compiling gpio"
"Running Make libs in ps7_cortexa9_0/libsrc/iicps_v3_8/src"
make -C ps7_cortexa9_0/libsrc/iicps_v3_8/src -s libs  "SHELL=CMD" "COMPILER=arm-none-eabi-gcc" "ARCHIVER=arm-none-eabi-ar" "COMPILER_FLAGS=  -O2 -c" "EXTRA_COMPILER_FLAGS=-mcpu=cortex-a9 -mfpu=vfpv3 -mfloat-abi=hard -nostartfiles -g -Wall -Wextra"
"Compiling iicps"
"Running Make libs in ps7_cortexa9_0/libsrc/qspips_v3_5/src"
make -C ps7_cortexa9_0/libsrc/qspips_v3_5/src -s libs  "SHELL=CMD" "COMPILER=arm-none-eabi-gcc" "ARCHIVER=arm-none-eabi-ar" "COMPILER_FLAGS=  -O2 -c" "EXTRA_COMPILER_FLAGS=-mcpu=cortex-a9 -mfpu=vfpv3 -mfloat-abi=hard -nostartfiles -g -Wall -Wextra"
"Compiling qspips"
"Running Make libs in ps7_cortexa9_0/libsrc/scugic_v3_10/src"
make -C ps7_cortexa9_0/libsrc/scugic_v3_10/src -s libs  "SHELL=CMD" "COMPILER=arm-none-eabi-gcc" "ARCHIVER=arm-none-eabi-ar" "COMPILER_FLAGS=  -O2 -c" "EXTRA_COMPILER_FLAGS=-mcpu=cortex-a9 -mfpu=vfpv3 -mfloat-abi=hard -nostartfiles -g -Wall -Wextra"
"Compiling scugic"
"Running Make libs in ps7_cortexa9_0/libsrc/scutimer_v2_1/src"
make -C ps7_cortexa9_0/libsrc/scutimer_v2_1/src -s libs  "SHELL=CMD" "COMPILER=arm-none-eabi-gcc" "ARCHIVER=arm-none-eabi-ar" "COMPILER_FLAGS=  -O2 -c" "EXTRA_COMPILER_FLAGS=-mcpu=cortex-a9 -mfpu=vfpv3 -mfloat-abi=hard -nostartfiles -g -Wall -Wextra"
"Compiling scutimer"
"Running Make libs in ps7_cortexa9_0/libsrc/scuwdt_v2_1/src"
make -C ps7_cortexa9_0/libsrc/scuwdt_v2_1/src -s libs  "SHELL=CMD" "COMPILER=arm-none-eabi-gcc" "ARCHIVER=arm-none-eabi-ar" "COMPILER_FLAGS=  -O2 -c" "EXTRA_COMPILER_FLAGS=-mcpu=cortex-a9 -mfpu=vfpv3 -mfloat-abi=hard -nostartfiles -g -Wall -Wextra"
"Compiling scuwdt"
"Running Make libs in ps7_cortexa9_0/libsrc/sdps_v3_6/src"
make -C ps7_cortexa9_0/libsrc/sdps_v3_6/src -s libs  "SHELL=CMD" "COMPILER=arm-none-eabi-gcc" "ARCHIVER=arm-none-eabi-ar" "COMPILER_FLAGS=  -O2 -c" "EXTRA_COMPILER_FLAGS=-mcpu=cortex-a9 -mfpu=vfpv3 -mfloat-abi=hard -nostartfiles -g -Wall -Wextra"
"Compiling sdps"
"Running Make libs in ps7_cortexa9_0/libsrc/spips_v3_1/src"
make -C ps7_cortexa9_0/libsrc/spips_v3_1/src -s libs  "SHELL=CMD" "COMPILER=arm-none-eabi-gcc" "ARCHIVER=arm-none-eabi-ar" "COMPILER_FLAGS=  -O2 -c" "EXTRA_COMPILER_FLAGS=-mcpu=cortex-a9 -mfpu=vfpv3 -mfloat-abi=hard -nostartfiles -g -Wall -Wextra"
"Compiling spips"
"Running Make libs in ps7_cortexa9_0/libsrc/uartps_v3_7/src"
make -C ps7_cortexa9_0/libsrc/uartps_v3_7/src -s libs  "SHELL=CMD" "COMPILER=arm-none-eabi-gcc" "ARCHIVER=arm-none-eabi-ar" "COMPILER_FLAGS=  -O2 -c" "EXTRA_COMPILER_FLAGS=-mcpu=cortex-a9 -mfpu=vfpv3 -mfloat-abi=hard -nostartfiles -g -Wall -Wextra"
"Compiling uartps"
"Running Make libs in ps7_cortexa9_0/libsrc/usbps_v2_4/src"
make -C ps7_cortexa9_0/libsrc/usbps_v2_4/src -s libs  "SHELL=CMD" "COMPILER=arm-none-eabi-gcc" "ARCHIVER=arm-none-eabi-ar" "COMPILER_FLAGS=  -O2 -c" "EXTRA_COMPILER_FLAGS=-mcpu=cortex-a9 -mfpu=vfpv3 -mfloat-abi=hard -nostartfiles -g -Wall -Wextra"
"Compiling usbps"
"Running Make libs in ps7_cortexa9_0/libsrc/xadcps_v2_3/src"
make -C ps7_cortexa9_0/libsrc/xadcps_v2_3/src -s libs  "SHELL=CMD" "COMPILER=arm-none-eabi-gcc" "ARCHIVER=arm-none-eabi-ar" "COMPILER_FLAGS=  -O2 -c" "EXTRA_COMPILER_FLAGS=-mcpu=cortex-a9 -mfpu=vfpv3 -mfloat-abi=hard -nostartfiles -g -Wall -Wextra"
"Compiling xadcps"
'Finished building libraries'
19:38:00 **** Build of configuration Debug for project efi_rl ****
make pre-build main-build 
a9-linaro-pre-build-step
' '
'Building file: ../src/main.cc'
'Invoking: ARM v7 g++ compiler'
arm-none-eabi-g++ -Wall -O0 -g3 -c -fmessage-length=0 -MT"src/main.o" -mcpu=cortex-a9 -mfpu=vfpv3 -mfloat-abi=hard -I../../efi_rl_bsp/ps7_cortexa9_0/include -MMD -MP -MF"src/main.d" -MT"src/main.o" -o "src/main.o" "../src/main.cc"
'Finished building: ../src/main.cc'
' '
'Building target: efi_rl.elf'
'Invoking: ARM v7 g++ linker'
arm-none-eabi-g++ -mcpu=cortex-a9 -mfpu=vfpv3 -mfloat-abi=hard -Wl,-build-id=none -specs=Xilinx.spec -Wl,-T -Wl,../src/lscript.ld -L../../efi_rl_bsp/ps7_cortexa9_0/lib -o "efi_rl.elf"  ./src/main.o   -Wl,--start-group,-lxil,-lfreertos,-lgcc,-lc,-lstdc++,--end-group
'Finished building target: efi_rl.elf'
' '
'Invoking: ARM v7 Print Size'
arm-none-eabi-size efi_rl.elf  |tee "efi_rl.elf.size"
   text	   data	    bss	    dec	    hex	filename
  88784	   3368	  89408	 181560	  2c538	efi_rl.elf
'Finished building: efi_rl.elf.size'
' '
19:46:12 **** Clean-only build of project efi_rl_bsp ****
make -k clean 
make -C ps7_cortexa9_0/libsrc/coresightps_dcc_v1_4/src -s clean 
make -C ps7_cortexa9_0/libsrc/cpu_cortexa9_v2_7/src -s clean 
make -C ps7_cortexa9_0/libsrc/ddrps_v1_0/src -s clean 
make -C ps7_cortexa9_0/libsrc/devcfg_v3_5/src -s clean 
make -C ps7_cortexa9_0/libsrc/dmaps_v2_4/src -s clean 
make -C ps7_cortexa9_0/libsrc/efi_virtual_input_v1_0/src -s clean 
rm: cannot lstat `*.o': Invalid argument
make[1]: *** [Makefile:26: clean] Error 1
make -C ps7_cortexa9_0/libsrc/emacps_v3_8/src -s clean 
make: *** [Makefile:33: ps7_cortexa9_0/libsrc/efi_virtual_input_v1_0/src/make.clean] Error 2
make -C ps7_cortexa9_0/libsrc/freertos10_xilinx_v1_2/src -s clean 
make -C ps7_cortexa9_0/libsrc/gpiops_v3_4/src -s clean 
make -C ps7_cortexa9_0/libsrc/gpio_v4_3/src -s clean 
make -C ps7_cortexa9_0/libsrc/iicps_v3_8/src -s clean 
make -C ps7_cortexa9_0/libsrc/qspips_v3_5/src -s clean 
make -C ps7_cortexa9_0/libsrc/scugic_v3_10/src -s clean 
make -C ps7_cortexa9_0/libsrc/scutimer_v2_1/src -s clean 
make -C ps7_cortexa9_0/libsrc/scuwdt_v2_1/src -s clean 
make -C ps7_cortexa9_0/libsrc/sdps_v3_6/src -s clean 
make -C ps7_cortexa9_0/libsrc/spips_v3_1/src -s clean 
make -C ps7_cortexa9_0/libsrc/uartps_v3_7/src -s clean 
make -C ps7_cortexa9_0/libsrc/usbps_v2_4/src -s clean 
make -C ps7_cortexa9_0/libsrc/xadcps_v2_3/src -s clean 
make: Target 'clean' not remade because of errors.
19:46:13 **** Clean-only build of configuration Debug for project efi_rl ****
make clean 
rm -rf  ./src/main.d  ./src/main.o  efi_rl.elf.size  efi_rl.elf
' '
19:46:14 **** Build of project efi_rl_bsp ****
make -k all 
"Running Make include in ps7_cortexa9_0/libsrc/coresightps_dcc_v1_4/src"
make -C ps7_cortexa9_0/libsrc/coresightps_dcc_v1_4/src -s include  "SHELL=CMD" "COMPILER=arm-none-eabi-gcc" "ARCHIVER=arm-none-eabi-ar" "COMPILER_FLAGS=  -O2 -c" "EXTRA_COMPILER_FLAGS=-mcpu=cortex-a9 -mfpu=vfpv3 -mfloat-abi=hard -nostartfiles -g -Wall -Wextra"
"Running Make include in ps7_cortexa9_0/libsrc/cpu_cortexa9_v2_7/src"
make -C ps7_cortexa9_0/libsrc/cpu_cortexa9_v2_7/src -s include  "SHELL=CMD" "COMPILER=arm-none-eabi-gcc" "ARCHIVER=arm-none-eabi-ar" "COMPILER_FLAGS=  -O2 -c" "EXTRA_COMPILER_FLAGS=-mcpu=cortex-a9 -mfpu=vfpv3 -mfloat-abi=hard -nostartfiles -g -Wall -Wextra"
"Running Make include in ps7_cortexa9_0/libsrc/ddrps_v1_0/src"
make -C ps7_cortexa9_0/libsrc/ddrps_v1_0/src -s include  "SHELL=CMD" "COMPILER=arm-none-eabi-gcc" "ARCHIVER=arm-none-eabi-ar" "COMPILER_FLAGS=  -O2 -c" "EXTRA_COMPILER_FLAGS=-mcpu=cortex-a9 -mfpu=vfpv3 -mfloat-abi=hard -nostartfiles -g -Wall -Wextra"
"Running Make include in ps7_cortexa9_0/libsrc/devcfg_v3_5/src"
make -C ps7_cortexa9_0/libsrc/devcfg_v3_5/src -s include  "SHELL=CMD" "COMPILER=arm-none-eabi-gcc" "ARCHIVER=arm-none-eabi-ar" "COMPILER_FLAGS=  -O2 -c" "EXTRA_COMPILER_FLAGS=-mcpu=cortex-a9 -mfpu=vfpv3 -mfloat-abi=hard -nostartfiles -g -Wall -Wextra"
"Running Make include in ps7_cortexa9_0/libsrc/dmaps_v2_4/src"
make -C ps7_cortexa9_0/libsrc/dmaps_v2_4/src -s include  "SHELL=CMD" "COMPILER=arm-none-eabi-gcc" "ARCHIVER=arm-none-eabi-ar" "COMPILER_FLAGS=  -O2 -c" "EXTRA_COMPILER_FLAGS=-mcpu=cortex-a9 -mfpu=vfpv3 -mfloat-abi=hard -nostartfiles -g -Wall -Wextra"
"Running Make include in ps7_cortexa9_0/libsrc/efi_virtual_input_v1_0/src"
make -C ps7_cortexa9_0/libsrc/efi_virtual_input_v1_0/src -s include  "SHELL=CMD" "COMPILER=arm-none-eabi-gcc" "ARCHIVER=arm-none-eabi-ar" "COMPILER_FLAGS=  -O2 -c" "EXTRA_COMPILER_FLAGS=-mcpu=cortex-a9 -mfpu=vfpv3 -mfloat-abi=hard -nostartfiles -g -Wall -Wextra"
"Running Make include in ps7_cortexa9_0/libsrc/emacps_v3_8/src"
make -C ps7_cortexa9_0/libsrc/emacps_v3_8/src -s include  "SHELL=CMD" "COMPILER=arm-none-eabi-gcc" "ARCHIVER=arm-none-eabi-ar" "COMPILER_FLAGS=  -O2 -c" "EXTRA_COMPILER_FLAGS=-mcpu=cortex-a9 -mfpu=vfpv3 -mfloat-abi=hard -nostartfiles -g -Wall -Wextra"
"Running Make include in ps7_cortexa9_0/libsrc/freertos10_xilinx_v1_2/src"
make -C ps7_cortexa9_0/libsrc/freertos10_xilinx_v1_2/src -s include  "SHELL=CMD" "COMPILER=arm-none-eabi-gcc" "ARCHIVER=arm-none-eabi-ar" "COMPILER_FLAGS=  -O2 -c" "EXTRA_COMPILER_FLAGS=-mcpu=cortex-a9 -mfpu=vfpv3 -mfloat-abi=hard -nostartfiles -g -Wall -Wextra"
"include"
"Running Make include in ps7_cortexa9_0/libsrc/gpiops_v3_4/src"
make -C ps7_cortexa9_0/libsrc/gpiops_v3_4/src -s include  "SHELL=CMD" "COMPILER=arm-none-eabi-gcc" "ARCHIVER=arm-none-eabi-ar" "COMPILER_FLAGS=  -O2 -c" "EXTRA_COMPILER_FLAGS=-mcpu=cortex-a9 -mfpu=vfpv3 -mfloat-abi=hard -nostartfiles -g -Wall -Wextra"
"Running Make include in ps7_cortexa9_0/libsrc/gpio_v4_3/src"
make -C ps7_cortexa9_0/libsrc/gpio_v4_3/src -s include  "SHELL=CMD" "COMPILER=arm-none-eabi-gcc" "ARCHIVER=arm-none-eabi-ar" "COMPILER_FLAGS=  -O2 -c" "EXTRA_COMPILER_FLAGS=-mcpu=cortex-a9 -mfpu=vfpv3 -mfloat-abi=hard -nostartfiles -g -Wall -Wextra"
"Running Make include in ps7_cortexa9_0/libsrc/iicps_v3_8/src"
make -C ps7_cortexa9_0/libsrc/iicps_v3_8/src -s include  "SHELL=CMD" "COMPILER=arm-none-eabi-gcc" "ARCHIVER=arm-none-eabi-ar" "COMPILER_FLAGS=  -O2 -c" "EXTRA_COMPILER_FLAGS=-mcpu=cortex-a9 -mfpu=vfpv3 -mfloat-abi=hard -nostartfiles -g -Wall -Wextra"
"Running Make include in ps7_cortexa9_0/libsrc/qspips_v3_5/src"
make -C ps7_cortexa9_0/libsrc/qspips_v3_5/src -s include  "SHELL=CMD" "COMPILER=arm-none-eabi-gcc" "ARCHIVER=arm-none-eabi-ar" "COMPILER_FLAGS=  -O2 -c" "EXTRA_COMPILER_FLAGS=-mcpu=cortex-a9 -mfpu=vfpv3 -mfloat-abi=hard -nostartfiles -g -Wall -Wextra"
"Running Make include in ps7_cortexa9_0/libsrc/scugic_v3_10/src"
make -C ps7_cortexa9_0/libsrc/scugic_v3_10/src -s include  "SHELL=CMD" "COMPILER=arm-none-eabi-gcc" "ARCHIVER=arm-none-eabi-ar" "COMPILER_FLAGS=  -O2 -c" "EXTRA_COMPILER_FLAGS=-mcpu=cortex-a9 -mfpu=vfpv3 -mfloat-abi=hard -nostartfiles -g -Wall -Wextra"
"Running Make include in ps7_cortexa9_0/libsrc/scutimer_v2_1/src"
make -C ps7_cortexa9_0/libsrc/scutimer_v2_1/src -s include  "SHELL=CMD" "COMPILER=arm-none-eabi-gcc" "ARCHIVER=arm-none-eabi-ar" "COMPILER_FLAGS=  -O2 -c" "EXTRA_COMPILER_FLAGS=-mcpu=cortex-a9 -mfpu=vfpv3 -mfloat-abi=hard -nostartfiles -g -Wall -Wextra"
"Running Make include in ps7_cortexa9_0/libsrc/scuwdt_v2_1/src"
make -C ps7_cortexa9_0/libsrc/scuwdt_v2_1/src -s include  "SHELL=CMD" "COMPILER=arm-none-eabi-gcc" "ARCHIVER=arm-none-eabi-ar" "COMPILER_FLAGS=  -O2 -c" "EXTRA_COMPILER_FLAGS=-mcpu=cortex-a9 -mfpu=vfpv3 -mfloat-abi=hard -nostartfiles -g -Wall -Wextra"
"Running Make include in ps7_cortexa9_0/libsrc/sdps_v3_6/src"
make -C ps7_cortexa9_0/libsrc/sdps_v3_6/src -s include  "SHELL=CMD" "COMPILER=arm-none-eabi-gcc" "ARCHIVER=arm-none-eabi-ar" "COMPILER_FLAGS=  -O2 -c" "EXTRA_COMPILER_FLAGS=-mcpu=cortex-a9 -mfpu=vfpv3 -mfloat-abi=hard -nostartfiles -g -Wall -Wextra"
"Running Make include in ps7_cortexa9_0/libsrc/spips_v3_1/src"
make -C ps7_cortexa9_0/libsrc/spips_v3_1/src -s include  "SHELL=CMD" "COMPILER=arm-none-eabi-gcc" "ARCHIVER=arm-none-eabi-ar" "COMPILER_FLAGS=  -O2 -c" "EXTRA_COMPILER_FLAGS=-mcpu=cortex-a9 -mfpu=vfpv3 -mfloat-abi=hard -nostartfiles -g -Wall -Wextra"
"Running Make include in ps7_cortexa9_0/libsrc/uartps_v3_7/src"
make -C ps7_cortexa9_0/libsrc/uartps_v3_7/src -s include  "SHELL=CMD" "COMPILER=arm-none-eabi-gcc" "ARCHIVER=arm-none-eabi-ar" "COMPILER_FLAGS=  -O2 -c" "EXTRA_COMPILER_FLAGS=-mcpu=cortex-a9 -mfpu=vfpv3 -mfloat-abi=hard -nostartfiles -g -Wall -Wextra"
"Running Make include in ps7_cortexa9_0/libsrc/usbps_v2_4/src"
make -C ps7_cortexa9_0/libsrc/usbps_v2_4/src -s include  "SHELL=CMD" "COMPILER=arm-none-eabi-gcc" "ARCHIVER=arm-none-eabi-ar" "COMPILER_FLAGS=  -O2 -c" "EXTRA_COMPILER_FLAGS=-mcpu=cortex-a9 -mfpu=vfpv3 -mfloat-abi=hard -nostartfiles -g -Wall -Wextra"
"Running Make include in ps7_cortexa9_0/libsrc/xadcps_v2_3/src"
make -C ps7_cortexa9_0/libsrc/xadcps_v2_3/src -s include  "SHELL=CMD" "COMPILER=arm-none-eabi-gcc" "ARCHIVER=arm-none-eabi-ar" "COMPILER_FLAGS=  -O2 -c" "EXTRA_COMPILER_FLAGS=-mcpu=cortex-a9 -mfpu=vfpv3 -mfloat-abi=hard -nostartfiles -g -Wall -Wextra"
"Running Make libs in ps7_cortexa9_0/libsrc/coresightps_dcc_v1_4/src"
[...]
'Finished building target: efi_rl.elf'
' '
'Invoking: ARM v7 Print Size'
arm-none-eabi-size efi_rl.elf  |tee "efi_rl.elf.size"
   text	   data	    bss	    dec	    hex	filename
 916680	   3864	6082240	7002784	 6adaa0	efi_rl.elf
'Finished building: efi_rl.elf.size'
' '
21:22:07 **** Incremental Build of configuration Debug for project efi_rl ****
make pre-build main-build 
a9-linaro-pre-build-step
' '
make: Nothing to be done for 'main-build'.
21:24:20 **** Incremental Build of configuration Debug for project efi_rl ****
make pre-build main-build 
a9-linaro-pre-build-step
' '
make: Nothing to be done for 'main-build'.
21:26:56 **** Incremental Build of configuration Debug for project efi_rl ****
make pre-build main-build 
a9-linaro-pre-build-step
' '
make: Nothing to be done for 'main-build'.
21:34:43 **** Incremental Build of configuration Debug for project efi_rl ****
make pre-build main-build 
a9-linaro-pre-build-step
' '
make: Nothing to be done for 'main-build'.
21:35:46 **** Auto Build of configuration Debug for project efi_rl ****
make pre-build main-build 
a9-linaro-pre-build-step
' '
'Building file: ../src/main.cc'
'Invoking: ARM v7 g++ compiler'
arm-none-eabi-g++ -Wall -O0 -g3 -c -fmessage-length=0 -MT"src/main.o" -mcpu=cortex-a9 -mfpu=vfpv3 -mfloat-abi=hard -I../../efi_rl_bsp/ps7_cortexa9_0/include -MMD -MP -MF"src/main.d" -MT"src/main.o" -o "src/main.o" "../src/main.cc"
../src/main.cc: In function 'void vTaskProcess(void*)':
../src/main.cc:206:47: warning: format '%u' expects argument of type 'unsigned int', but argument 2 has type 'u32 {aka long unsigned int}' [-Wformat=]
   printf("\ncrank_counter = %u", crank_counter);
                                               ^
../src/main.cc:207:59: warning: format '%u' expects argument of type 'unsigned int', but argument 2 has type 'u32 {aka long unsigned int}' [-Wformat=]
   printf("\ncrank_cycle_counter = %u", crank_cycle_counter);
                                                           ^
../src/main.cc:210:47: warning: format '%x' expects argument of type 'unsigned int', but argument 2 has type 'u32 {aka long unsigned int}' [-Wformat=]
   printf("\ncal_injection = %x", cal_injection);
                                               ^
../src/main.cc:211:45: warning: format '%x' expects argument of type 'unsigned int', but argument 2 has type 'u32 {aka long unsigned int}' [-Wformat=]
   printf("\ncal_ignition = %x", cal_ignition);
                                             ^
../src/main.cc:212:45: warning: format '%x' expects argument of type 'unsigned int', but argument 2 has type 'u32 {aka long unsigned int}' [-Wformat=]
   printf("\nupdate_table = %x", update_table);
                                             ^
'Finished building: ../src/main.cc'
' '
'Building target: efi_rl.elf'
'Invoking: ARM v7 g++ linker'
arm-none-eabi-g++ -mcpu=cortex-a9 -mfpu=vfpv3 -mfloat-abi=hard -Wl,-build-id=none -specs=Xilinx.spec -Wl,-T -Wl,../src/lscript.ld -L../../efi_rl_bsp/ps7_cortexa9_0/lib -o "efi_rl.elf"  ./src/CKP.o ./src/CLT.o ./src/Communication.o ./src/EFI.o ./src/EGO.o ./src/Engine.o ./src/FuelInjectionControl.o ./src/IgnitionControl.o ./src/MAP.o ./src/MAT.o ./src/main.o  ./lib/Array.o ./lib/File.o ./lib/Math.o ./lib/sdCard.o   -Wl,--start-group,-lxil,-lfreertos,-lgcc,-lc,-lstdc++,--end-group -Wl,--start-group,-lxilffs,-lxil,-lgcc,-lc,--end-group
'Finished building target: efi_rl.elf'
' '
'Invoking: ARM v7 Print Size'
arm-none-eabi-size efi_rl.elf  |tee "efi_rl.elf.size"
   text	   data	    bss	    dec	    hex	filename
 916552	   3864	6082240	7002656	 6ada20	efi_rl.elf
'Finished building: efi_rl.elf.size'
' '
21:36:50 **** Incremental Build of configuration Debug for project efi_rl ****
make pre-build main-build 
a9-linaro-pre-build-step
' '
make: Nothing to be done for 'main-build'.
21:40:24 **** Incremental Build of configuration Debug for project efi_rl ****
make pre-build main-build 
a9-linaro-pre-build-step
' '
make: Nothing to be done for 'main-build'.
21:43:31 **** Auto Build of configuration Debug for project efi_rl ****
make pre-build main-build 
a9-linaro-pre-build-step
' '
'Building file: ../src/EFI.cpp'
'Invoking: ARM v7 g++ compiler'
arm-none-eabi-g++ -Wall -O0 -g3 -c -fmessage-length=0 -MT"src/EFI.o" -mcpu=cortex-a9 -mfpu=vfpv3 -mfloat-abi=hard -I../../efi_rl_bsp/ps7_cortexa9_0/include -MMD -MP -MF"src/EFI.d" -MT"src/EFI.o" -o "src/EFI.o" "../src/EFI.cpp"
../src/EFI.cpp: In constructor 'EFI::EFI()':
../src/EFI.cpp:10:47: warning: ISO C++ forbids converting a string constant to 'char*' [-Wwrite-strings]
   bool empty = FIC[i].loadTable("data/backup/");
                                               ^
../src/EFI.cpp:13:36: warning: ISO C++ forbids converting a string constant to 'char*' [-Wwrite-strings]
    FIC[i].loadTable("data/initial/");
                                    ^
../src/EFI.cpp: In member function 'bool EFI::setCheckEngineLight(bool)':
../src/EFI.cpp:24:1: warning: no return statement in function returning non-void [-Wreturn-type]
 }
 ^
../src/EFI.cpp: In member function 'void EFI::updateTable(int)':
../src/EFI.cpp:68:95: warning: ISO C++ forbids converting a string constant to 'char*' [-Wwrite-strings]
  FIC[cylinder_order].updateTable("data/backup/", MAPSensor.getData(), RPM, EGOSensor.getData());
                                                                                               ^
'Finished building: ../src/EFI.cpp'
' '
'Building target: efi_rl.elf'
'Invoking: ARM v7 g++ linker'
arm-none-eabi-g++ -mcpu=cortex-a9 -mfpu=vfpv3 -mfloat-abi=hard -Wl,-build-id=none -specs=Xilinx.spec -Wl,-T -Wl,../src/lscript.ld -L../../efi_rl_bsp/ps7_cortexa9_0/lib -o "efi_rl.elf"  ./src/CKP.o ./src/CLT.o ./src/Communication.o ./src/EFI.o ./src/EGO.o ./src/Engine.o ./src/FuelInjectionControl.o ./src/IgnitionControl.o ./src/MAP.o ./src/MAT.o ./src/main.o  ./lib/Array.o ./lib/File.o ./lib/Math.o ./lib/sdCard.o   -Wl,--start-group,-lxil,-lfreertos,-lgcc,-lc,-lstdc++,--end-group -Wl,--start-group,-lxilffs,-lxil,-lgcc,-lc,--end-group
'Finished building target: efi_rl.elf'
' '
'Invoking: ARM v7 Print Size'
arm-none-eabi-size efi_rl.elf  |tee "efi_rl.elf.size"
   text	   data	    bss	    dec	    hex	filename
 916544	   3864	6082240	7002648	 6ada18	efi_rl.elf
'Finished building: efi_rl.elf.size'
' '
21:44:16 **** Auto Build of configuration Debug for project efi_rl ****
make pre-build main-build 
a9-linaro-pre-build-step
' '
'Building file: ../src/main.cc'
'Invoking: ARM v7 g++ compiler'
arm-none-eabi-g++ -Wall -O0 -g3 -c -fmessage-length=0 -MT"src/main.o" -mcpu=cortex-a9 -mfpu=vfpv3 -mfloat-abi=hard -I../../efi_rl_bsp/ps7_cortexa9_0/include -MMD -MP -MF"src/main.d" -MT"src/main.o" -o "src/main.o" "../src/main.cc"
../src/main.cc: In function 'void vTaskProcess(void*)':
../src/main.cc:206:47: warning: format '%u' expects argument of type 'unsigned int', but argument 2 has type 'u32 {aka long unsigned int}' [-Wformat=]
   printf("\ncrank_counter = %u", crank_counter);
                                               ^
../src/main.cc:207:59: warning: format '%u' expects argument of type 'unsigned int', but argument 2 has type 'u32 {aka long unsigned int}' [-Wformat=]
   printf("\ncrank_cycle_counter = %u", crank_cycle_counter);
                                                           ^
../src/main.cc:210:47: warning: format '%x' expects argument of type 'unsigned int', but argument 2 has type 'u32 {aka long unsigned int}' [-Wformat=]
   printf("\ncal_injection = %x", cal_injection);
                                               ^
../src/main.cc:211:45: warning: format '%x' expects argument of type 'unsigned int', but argument 2 has type 'u32 {aka long unsigned int}' [-Wformat=]
   printf("\ncal_ignition = %x", cal_ignition);
                                             ^
../src/main.cc:212:45: warning: format '%x' expects argument of type 'unsigned int', but argument 2 has type 'u32 {aka long unsigned int}' [-Wformat=]
   printf("\nupdate_table = %x", update_table);
                                             ^
'Finished building: ../src/main.cc'
' '
'Building target: efi_rl.elf'
'Invoking: ARM v7 g++ linker'
arm-none-eabi-g++ -mcpu=cortex-a9 -mfpu=vfpv3 -mfloat-abi=hard -Wl,-build-id=none -specs=Xilinx.spec -Wl,-T -Wl,../src/lscript.ld -L../../efi_rl_bsp/ps7_cortexa9_0/lib -o "efi_rl.elf"  ./src/CKP.o ./src/CLT.o ./src/Communication.o ./src/EFI.o ./src/EGO.o ./src/Engine.o ./src/FuelInjectionControl.o ./src/IgnitionControl.o ./src/MAP.o ./src/MAT.o ./src/main.o  ./lib/Array.o ./lib/File.o ./lib/Math.o ./lib/sdCard.o   -Wl,--start-group,-lxil,-lfreertos,-lgcc,-lc,-lstdc++,--end-group -Wl,--start-group,-lxilffs,-lxil,-lgcc,-lc,--end-group
'Finished building target: efi_rl.elf'
' '
'Invoking: ARM v7 Print Size'
arm-none-eabi-size efi_rl.elf  |tee "efi_rl.elf.size"
   text	   data	    bss	    dec	    hex	filename
 916672	   3864	6082240	7002776	 6ada98	efi_rl.elf
'Finished building: efi_rl.elf.size'
' '
21:45:42 **** Incremental Build of configuration Debug for project efi_rl ****
make pre-build main-build 
a9-linaro-pre-build-step
' '
make: Nothing to be done for 'main-build'.
21:51:24 **** Auto Build of configuration Debug for project efi_rl ****
make pre-build main-build 
a9-linaro-pre-build-step
' '
'Building file: ../src/IgnitionControl.cpp'
'Invoking: ARM v7 g++ compiler'
arm-none-eabi-g++ -Wall -O0 -g3 -c -fmessage-length=0 -MT"src/IgnitionControl.o" -mcpu=cortex-a9 -mfpu=vfpv3 -mfloat-abi=hard -I../../efi_rl_bsp/ps7_cortexa9_0/include -MMD -MP -MF"src/IgnitionControl.d" -MT"src/IgnitionControl.o" -o "src/IgnitionControl.o" "../src/IgnitionControl.cpp"
../src/IgnitionControl.cpp: In member function 'void IgnitionControl::ignition()':
../src/IgnitionControl.cpp:9:2: error: 'usleep' was not declared in this scope
  usleep(1000);
  ^~~~~~
../src/IgnitionControl.cpp:9:2: note: suggested alternative: 'fseek'
  usleep(1000);
  ^~~~~~
  fseek
make: *** [src/subdir.mk:57: src/IgnitionControl.o] Error 1
21:51:49 **** Auto Build of configuration Debug for project efi_rl ****
make pre-build main-build 
a9-linaro-pre-build-step
' '
'Building file: ../src/IgnitionControl.cpp'
'Invoking: ARM v7 g++ compiler'
arm-none-eabi-g++ -Wall -O0 -g3 -c -fmessage-length=0 -MT"src/IgnitionControl.o" -mcpu=cortex-a9 -mfpu=vfpv3 -mfloat-abi=hard -I../../efi_rl_bsp/ps7_cortexa9_0/include -MMD -MP -MF"src/IgnitionControl.d" -MT"src/IgnitionControl.o" -o "src/IgnitionControl.o" "../src/IgnitionControl.cpp"
../src/IgnitionControl.cpp: In member function 'void IgnitionControl::ignition()':
../src/IgnitionControl.cpp:9:2: error: 'usleep' was not declared in this scope
  usleep(1000);
  ^~~~~~
../src/IgnitionControl.cpp:9:2: note: suggested alternative: 'fseek'
  usleep(1000);
  ^~~~~~
  fseek
make: *** [src/subdir.mk:57: src/IgnitionControl.o] Error 1
21:52:36 **** Incremental Build of configuration Debug for project efi_rl ****
make pre-build main-build 
a9-linaro-pre-build-step
' '
'Building file: ../src/IgnitionControl.cpp'
'Invoking: ARM v7 g++ compiler'
arm-none-eabi-g++ -Wall -O0 -g3 -c -fmessage-length=0 -MT"src/IgnitionControl.o" -mcpu=cortex-a9 -mfpu=vfpv3 -mfloat-abi=hard -I../../efi_rl_bsp/ps7_cortexa9_0/include -MMD -MP -MF"src/IgnitionControl.d" -MT"src/IgnitionControl.o" -o "src/IgnitionControl.o" "../src/IgnitionControl.cpp"
../src/IgnitionControl.cpp: In member function 'void IgnitionControl::ignition()':
../src/IgnitionControl.cpp:9:2: error: 'usleep' was not declared in this scope
  usleep(1000);
  ^~~~~~
../src/IgnitionControl.cpp:9:2: note: suggested alternative: 'fseek'
  usleep(1000);
  ^~~~~~
  fseek
make: *** [src/subdir.mk:57: src/IgnitionControl.o] Error 1
21:57:43 **** Auto Build of configuration Debug for project efi_rl ****
make pre-build main-build 
a9-linaro-pre-build-step
' '
'Building file: ../src/EFI.cpp'
'Invoking: ARM v7 g++ compiler'
arm-none-eabi-g++ -Wall -O0 -g3 -c -fmessage-length=0 -MT"src/EFI.o" -mcpu=cortex-a9 -mfpu=vfpv3 -mfloat-abi=hard -I../../efi_rl_bsp/ps7_cortexa9_0/include -MMD -MP -MF"src/EFI.d" -MT"src/EFI.o" -o "src/EFI.o" "../src/EFI.cpp"
../src/EFI.cpp: In constructor 'EFI::EFI()':
../src/EFI.cpp:10:47: warning: ISO C++ forbids converting a string constant to 'char*' [-Wwrite-strings]
   bool empty = FIC[i].loadTable("data/backup/");
                                               ^
../src/EFI.cpp:13:36: warning: ISO C++ forbids converting a string constant to 'char*' [-Wwrite-strings]
    FIC[i].loadTable("data/initial/");
                                    ^
../src/EFI.cpp: In member function 'bool EFI::setCheckEngineLight(bool)':
../src/EFI.cpp:24:1: warning: no return statement in function returning non-void [-Wreturn-type]
 }
 ^
../src/EFI.cpp: In member function 'void EFI::updateTable(int)':
../src/EFI.cpp:68:95: warning: ISO C++ forbids converting a string constant to 'char*' [-Wwrite-strings]
  FIC[cylinder_order].updateTable("data/backup/", MAPSensor.getData(), RPM, EGOSensor.getData());
                                                                                               ^
'Finished building: ../src/EFI.cpp'
' '
'Building file: ../src/IgnitionControl.cpp'
'Invoking: ARM v7 g++ compiler'
arm-none-eabi-g++ -Wall -O0 -g3 -c -fmessage-length=0 -MT"src/IgnitionControl.o" -mcpu=cortex-a9 -mfpu=vfpv3 -mfloat-abi=hard -I../../efi_rl_bsp/ps7_cortexa9_0/include -MMD -MP -MF"src/IgnitionControl.d" -MT"src/IgnitionControl.o" -o "src/IgnitionControl.o" "../src/IgnitionControl.cpp"
'Finished building: ../src/IgnitionControl.cpp'
' '
'Building file: ../src/main.cc'
'Invoking: ARM v7 g++ compiler'
arm-none-eabi-g++ -Wall -O0 -g3 -c -fmessage-length=0 -MT"src/main.o" -mcpu=cortex-a9 -mfpu=vfpv3 -mfloat-abi=hard -I../../efi_rl_bsp/ps7_cortexa9_0/include -MMD -MP -MF"src/main.d" -MT"src/main.o" -o "src/main.o" "../src/main.cc"
../src/main.cc: In function 'void vTaskProcess(void*)':
../src/main.cc:206:47: warning: format '%u' expects argument of type 'unsigned int', but argument 2 has type 'u32 {aka long unsigned int}' [-Wformat=]
   printf("\ncrank_counter = %u", crank_counter);
                                               ^
../src/main.cc:207:59: warning: format '%u' expects argument of type 'unsigned int', but argument 2 has type 'u32 {aka long unsigned int}' [-Wformat=]
   printf("\ncrank_cycle_counter = %u", crank_cycle_counter);
                                                           ^
../src/main.cc:210:47: warning: format '%x' expects argument of type 'unsigned int', but argument 2 has type 'u32 {aka long unsigned int}' [-Wformat=]
   printf("\ncal_injection = %x", cal_injection);
                                               ^
../src/main.cc:211:45: warning: format '%x' expects argument of type 'unsigned int', but argument 2 has type 'u32 {aka long unsigned int}' [-Wformat=]
   printf("\ncal_ignition = %x", cal_ignition);
                                             ^
../src/main.cc:212:45: warning: format '%x' expects argument of type 'unsigned int', but argument 2 has type 'u32 {aka long unsigned int}' [-Wformat=]
   printf("\nupdate_table = %x", update_table);
                                             ^
'Finished building: ../src/main.cc'
' '
'Building target: efi_rl.elf'
'Invoking: ARM v7 g++ linker'
arm-none-eabi-g++ -mcpu=cortex-a9 -mfpu=vfpv3 -mfloat-abi=hard -Wl,-build-id=none -specs=Xilinx.spec -Wl,-T -Wl,../src/lscript.ld -L../../efi_rl_bsp/ps7_cortexa9_0/lib -o "efi_rl.elf"  ./src/CKP.o ./src/CLT.o ./src/Communication.o ./src/EFI.o ./src/EGO.o ./src/Engine.o ./src/FuelInjectionControl.o ./src/IgnitionControl.o ./src/MAP.o ./src/MAT.o ./src/main.o  ./lib/Array.o ./lib/File.o ./lib/Math.o ./lib/sdCard.o   -Wl,--start-group,-lxil,-lfreertos,-lgcc,-lc,-lstdc++,--end-group -Wl,--start-group,-lxilffs,-lxil,-lgcc,-lc,--end-group
'Finished building target: efi_rl.elf'
' '
'Invoking: ARM v7 Print Size'
arm-none-eabi-size efi_rl.elf  |tee "efi_rl.elf.size"
   text	   data	    bss	    dec	    hex	filename
 916544	   3864	6082240	7002648	 6ada18	efi_rl.elf
'Finished building: efi_rl.elf.size'
' '
21:58:56 **** Incremental Build of configuration Debug for project efi_rl ****
make pre-build main-build 
a9-linaro-pre-build-step
' '
make: Nothing to be done for 'main-build'.
22:05:14 **** Auto Build of configuration Debug for project efi_rl ****
make pre-build main-build 
a9-linaro-pre-build-step
' '
'Building file: ../src/main.cc'
'Invoking: ARM v7 g++ compiler'
arm-none-eabi-g++ -Wall -O0 -g3 -c -fmessage-length=0 -MT"src/main.o" -mcpu=cortex-a9 -mfpu=vfpv3 -mfloat-abi=hard -I../../efi_rl_bsp/ps7_cortexa9_0/include -MMD -MP -MF"src/main.d" -MT"src/main.o" -o "src/main.o" "../src/main.cc"
../src/main.cc: In function 'void vTaskProcess(void*)':
../src/main.cc:206:47: warning: format '%u' expects argument of type 'unsigned int', but argument 2 has type 'u32 {aka long unsigned int}' [-Wformat=]
   printf("\ncrank_counter = %u", crank_counter);
                                               ^
../src/main.cc:207:59: warning: format '%u' expects argument of type 'unsigned int', but argument 2 has type 'u32 {aka long unsigned int}' [-Wformat=]
   printf("\ncrank_cycle_counter = %u", crank_cycle_counter);
                                                           ^
../src/main.cc:210:47: warning: format '%x' expects argument of type 'unsigned int', but argument 2 has type 'u32 {aka long unsigned int}' [-Wformat=]
   printf("\ncal_injection = %x", cal_injection);
                                               ^
../src/main.cc:211:45: warning: format '%x' expects argument of type 'unsigned int', but argument 2 has type 'u32 {aka long unsigned int}' [-Wformat=]
   printf("\ncal_ignition = %x", cal_ignition);
                                             ^
../src/main.cc:212:45: warning: format '%x' expects argument of type 'unsigned int', but argument 2 has type 'u32 {aka long unsigned int}' [-Wformat=]
   printf("\nupdate_table = %x", update_table);
                                             ^
'Finished building: ../src/main.cc'
' '
'Building target: efi_rl.elf'
'Invoking: ARM v7 g++ linker'
arm-none-eabi-g++ -mcpu=cortex-a9 -mfpu=vfpv3 -mfloat-abi=hard -Wl,-build-id=none -specs=Xilinx.spec -Wl,-T -Wl,../src/lscript.ld -L../../efi_rl_bsp/ps7_cortexa9_0/lib -o "efi_rl.elf"  ./src/CKP.o ./src/CLT.o ./src/Communication.o ./src/EFI.o ./src/EGO.o ./src/Engine.o ./src/FuelInjectionControl.o ./src/IgnitionControl.o ./src/MAP.o ./src/MAT.o ./src/main.o  ./lib/Array.o ./lib/File.o ./lib/Math.o ./lib/sdCard.o   -Wl,--start-group,-lxil,-lfreertos,-lgcc,-lc,-lstdc++,--end-group -Wl,--start-group,-lxilffs,-lxil,-lgcc,-lc,--end-group
'Finished building target: efi_rl.elf'
' '
'Invoking: ARM v7 Print Size'
arm-none-eabi-size efi_rl.elf  |tee "efi_rl.elf.size"
   text	   data	    bss	    dec	    hex	filename
 916544	   3864	6082240	7002648	 6ada18	efi_rl.elf
'Finished building: efi_rl.elf.size'
' '
22:05:38 **** Incremental Build of configuration Debug for project efi_rl ****
make pre-build main-build 
a9-linaro-pre-build-step
' '
make: Nothing to be done for 'main-build'.
22:10:40 **** Incremental Build of configuration Debug for project efi_rl ****
make pre-build main-build 
a9-linaro-pre-build-step
' '
make: Nothing to be done for 'main-build'.
22:15:06 **** Incremental Build of configuration Debug for project efi_rl ****
make pre-build main-build 
a9-linaro-pre-build-step
' '
make: Nothing to be done for 'main-build'.
22:15:19 **** Incremental Build of configuration Debug for project efi_rl ****
make pre-build main-build 
a9-linaro-pre-build-step
' '
make: Nothing to be done for 'main-build'.
