11:21:23 **** Incremental Build of configuration Debug for project hust_efi_final ****
make pre-build main-build 
a9-linaro-pre-build-step
' '
'Building file: ../src/EFI.cpp'
'Invoking: ARM v7 g++ compiler'
arm-none-eabi-g++ -Wall -O0 -g3 -c -fmessage-length=0 -MT"src/EFI.o" -mcpu=cortex-a9 -mfpu=vfpv3 -mfloat-abi=hard -I../../hust_efi_final_bsp/ps7_cortexa9_0/include -MMD -MP -MF"src/EFI.d" -MT"src/EFI.o" -o "src/EFI.o" "../src/EFI.cpp"
../src/EFI.cpp: In constructor 'EFI::EFI()':
../src/EFI.cpp:10:47: warning: ISO C++ forbids converting a string constant to 'char*' [-Wwrite-strings]
   bool empty = FIC[i].loadTable("data/backup/");
                                               ^
../src/EFI.cpp:13:36: warning: ISO C++ forbids converting a string constant to 'char*' [-Wwrite-strings]
    FIC[i].loadTable("data/initial/");
                                    ^
../src/EFI.cpp: In member function 'bool EFI::setCheckEngineLight(bool)':
../src/EFI.cpp:24:1: warning: no return statement in function returning non-void [-Wreturn-type]
 }
 ^
../src/EFI.cpp: In member function 'void EFI::updateTable(int)':
../src/EFI.cpp:68:83: warning: ISO C++ forbids converting a string constant to 'char*' [-Wwrite-strings]
  FIC[cylinder_order].updateTable("", MAPSensor.getData(), RPM, EGOSensor.getData());
                                                                                   ^
'Finished building: ../src/EFI.cpp'
' '
'Building file: ../src/main.cc'
'Invoking: ARM v7 g++ compiler'
arm-none-eabi-g++ -Wall -O0 -g3 -c -fmessage-length=0 -MT"src/main.o" -mcpu=cortex-a9 -mfpu=vfpv3 -mfloat-abi=hard -I../../hust_efi_final_bsp/ps7_cortexa9_0/include -MMD -MP -MF"src/main.d" -MT"src/main.o" -o "src/main.o" "../src/main.cc"
../src/main.cc: In function 'void vTaskProcess(void*)':
../src/main.cc:203:47: warning: format '%u' expects argument of type 'unsigned int', but argument 2 has type 'u32 {aka long unsigned int}' [-Wformat=]
   printf("\ncrank_counter = %u", crank_counter);
                                               ^
../src/main.cc:204:59: warning: format '%u' expects argument of type 'unsigned int', but argument 2 has type 'u32 {aka long unsigned int}' [-Wformat=]
   printf("\ncrank_cycle_counter = %u", crank_cycle_counter);
                                                           ^
../src/main.cc:207:47: warning: format '%x' expects argument of type 'unsigned int', but argument 2 has type 'u32 {aka long unsigned int}' [-Wformat=]
   printf("\ncal_injection = %x", cal_injection);
                                               ^
../src/main.cc:208:45: warning: format '%x' expects argument of type 'unsigned int', but argument 2 has type 'u32 {aka long unsigned int}' [-Wformat=]
   printf("\ncal_ignition = %x", cal_ignition);
                                             ^
../src/main.cc:209:45: warning: format '%x' expects argument of type 'unsigned int', but argument 2 has type 'u32 {aka long unsigned int}' [-Wformat=]
   printf("\nupdate_table = %x", update_table);
                                             ^
'Finished building: ../src/main.cc'
' '
'Building target: hust_efi_final.elf'
'Invoking: ARM v7 g++ linker'
arm-none-eabi-g++ -mcpu=cortex-a9 -mfpu=vfpv3 -mfloat-abi=hard -Wl,-build-id=none -specs=Xilinx.spec -Wl,-T -Wl,../src/lscript.ld -L../../hust_efi_final_bsp/ps7_cortexa9_0/lib -o "hust_efi_final.elf"  ./src/CKP.o ./src/CLT.o ./src/Communication.o ./src/EFI.o ./src/EGO.o ./src/Engine.o ./src/FuelInjectionControl.o ./src/IgnitionControl.o ./src/MAP.o ./src/MAT.o ./src/main.o  ./lib/Array.o ./lib/File.o ./lib/Math.o ./lib/sdCard.o   -Wl,--start-group,-lxil,-lfreertos,-lgcc,-lc,-lxilffs,-lstdc++,--end-group
'Finished building target: hust_efi_final.elf'
' '
'Invoking: ARM v7 Print Size'
arm-none-eabi-size hust_efi_final.elf  |tee "hust_efi_final.elf.size"
   text	   data	    bss	    dec	    hex	filename
 916460	   3864	6082208	7002532	 6ad9a4	hust_efi_final.elf
'Finished building: hust_efi_final.elf.size'
' '

11:21:27 Build Finished (took 4s.425ms)

